Archive member included to satisfy reference by file (symbol)

C:/ST/STM32CubeIDE_1.16.0/STM32CubeIDE/plugins/com.st.stm32cube.ide.mcu.externaltools.gnu-tools-for-stm32.12.3.rel1.win32_1.0.200.202406191623/tools/bin/../lib/gcc/arm-none-eabi/12.3.1/../../../../arm-none-eabi/lib/thumb/v7e-m+fp/hard\libc_nano.a(libc_a-exit.o)
                              C:/ST/STM32CubeIDE_1.16.0/STM32CubeIDE/plugins/com.st.stm32cube.ide.mcu.externaltools.gnu-tools-for-stm32.12.3.rel1.win32_1.0.200.202406191623/tools/bin/../lib/gcc/arm-none-eabi/12.3.1/../../../../arm-none-eabi/lib/thumb/v7e-m+fp/hard/crt0.o (exit)
C:/ST/STM32CubeIDE_1.16.0/STM32CubeIDE/plugins/com.st.stm32cube.ide.mcu.externaltools.gnu-tools-for-stm32.12.3.rel1.win32_1.0.200.202406191623/tools/bin/../lib/gcc/arm-none-eabi/12.3.1/../../../../arm-none-eabi/lib/thumb/v7e-m+fp/hard\libc_nano.a(libc_a-findfp.o)
                              C:/ST/STM32CubeIDE_1.16.0/STM32CubeIDE/plugins/com.st.stm32cube.ide.mcu.externaltools.gnu-tools-for-stm32.12.3.rel1.win32_1.0.200.202406191623/tools/bin/../lib/gcc/arm-none-eabi/12.3.1/../../../../arm-none-eabi/lib/thumb/v7e-m+fp/hard\libc_nano.a(libc_a-exit.o) (__stdio_exit_handler)
C:/ST/STM32CubeIDE_1.16.0/STM32CubeIDE/plugins/com.st.stm32cube.ide.mcu.externaltools.gnu-tools-for-stm32.12.3.rel1.win32_1.0.200.202406191623/tools/bin/../lib/gcc/arm-none-eabi/12.3.1/../../../../arm-none-eabi/lib/thumb/v7e-m+fp/hard\libc_nano.a(libc_a-fwalk.o)
                              C:/ST/STM32CubeIDE_1.16.0/STM32CubeIDE/plugins/com.st.stm32cube.ide.mcu.externaltools.gnu-tools-for-stm32.12.3.rel1.win32_1.0.200.202406191623/tools/bin/../lib/gcc/arm-none-eabi/12.3.1/../../../../arm-none-eabi/lib/thumb/v7e-m+fp/hard\libc_nano.a(libc_a-findfp.o) (_fwalk_sglue)
C:/ST/STM32CubeIDE_1.16.0/STM32CubeIDE/plugins/com.st.stm32cube.ide.mcu.externaltools.gnu-tools-for-stm32.12.3.rel1.win32_1.0.200.202406191623/tools/bin/../lib/gcc/arm-none-eabi/12.3.1/../../../../arm-none-eabi/lib/thumb/v7e-m+fp/hard\libc_nano.a(libc_a-stdio.o)
                              C:/ST/STM32CubeIDE_1.16.0/STM32CubeIDE/plugins/com.st.stm32cube.ide.mcu.externaltools.gnu-tools-for-stm32.12.3.rel1.win32_1.0.200.202406191623/tools/bin/../lib/gcc/arm-none-eabi/12.3.1/../../../../arm-none-eabi/lib/thumb/v7e-m+fp/hard\libc_nano.a(libc_a-findfp.o) (__sread)
C:/ST/STM32CubeIDE_1.16.0/STM32CubeIDE/plugins/com.st.stm32cube.ide.mcu.externaltools.gnu-tools-for-stm32.12.3.rel1.win32_1.0.200.202406191623/tools/bin/../lib/gcc/arm-none-eabi/12.3.1/../../../../arm-none-eabi/lib/thumb/v7e-m+fp/hard\libc_nano.a(libc_a-memset.o)
                              C:/ST/STM32CubeIDE_1.16.0/STM32CubeIDE/plugins/com.st.stm32cube.ide.mcu.externaltools.gnu-tools-for-stm32.12.3.rel1.win32_1.0.200.202406191623/tools/bin/../lib/gcc/arm-none-eabi/12.3.1/../../../../arm-none-eabi/lib/thumb/v7e-m+fp/hard/crt0.o (memset)
C:/ST/STM32CubeIDE_1.16.0/STM32CubeIDE/plugins/com.st.stm32cube.ide.mcu.externaltools.gnu-tools-for-stm32.12.3.rel1.win32_1.0.200.202406191623/tools/bin/../lib/gcc/arm-none-eabi/12.3.1/../../../../arm-none-eabi/lib/thumb/v7e-m+fp/hard\libc_nano.a(libc_a-closer.o)
                              C:/ST/STM32CubeIDE_1.16.0/STM32CubeIDE/plugins/com.st.stm32cube.ide.mcu.externaltools.gnu-tools-for-stm32.12.3.rel1.win32_1.0.200.202406191623/tools/bin/../lib/gcc/arm-none-eabi/12.3.1/../../../../arm-none-eabi/lib/thumb/v7e-m+fp/hard\libc_nano.a(libc_a-stdio.o) (_close_r)
C:/ST/STM32CubeIDE_1.16.0/STM32CubeIDE/plugins/com.st.stm32cube.ide.mcu.externaltools.gnu-tools-for-stm32.12.3.rel1.win32_1.0.200.202406191623/tools/bin/../lib/gcc/arm-none-eabi/12.3.1/../../../../arm-none-eabi/lib/thumb/v7e-m+fp/hard\libc_nano.a(libc_a-reent.o)
                              C:/ST/STM32CubeIDE_1.16.0/STM32CubeIDE/plugins/com.st.stm32cube.ide.mcu.externaltools.gnu-tools-for-stm32.12.3.rel1.win32_1.0.200.202406191623/tools/bin/../lib/gcc/arm-none-eabi/12.3.1/../../../../arm-none-eabi/lib/thumb/v7e-m+fp/hard\libc_nano.a(libc_a-closer.o) (errno)
C:/ST/STM32CubeIDE_1.16.0/STM32CubeIDE/plugins/com.st.stm32cube.ide.mcu.externaltools.gnu-tools-for-stm32.12.3.rel1.win32_1.0.200.202406191623/tools/bin/../lib/gcc/arm-none-eabi/12.3.1/../../../../arm-none-eabi/lib/thumb/v7e-m+fp/hard\libc_nano.a(libc_a-impure.o)
                              C:/ST/STM32CubeIDE_1.16.0/STM32CubeIDE/plugins/com.st.stm32cube.ide.mcu.externaltools.gnu-tools-for-stm32.12.3.rel1.win32_1.0.200.202406191623/tools/bin/../lib/gcc/arm-none-eabi/12.3.1/../../../../arm-none-eabi/lib/thumb/v7e-m+fp/hard\libc_nano.a(libc_a-reent.o) (_impure_ptr)
C:/ST/STM32CubeIDE_1.16.0/STM32CubeIDE/plugins/com.st.stm32cube.ide.mcu.externaltools.gnu-tools-for-stm32.12.3.rel1.win32_1.0.200.202406191623/tools/bin/../lib/gcc/arm-none-eabi/12.3.1/../../../../arm-none-eabi/lib/thumb/v7e-m+fp/hard\libc_nano.a(libc_a-lseekr.o)
[...]
Memory Configuration

Name             Origin             Length             Attributes
RAM              0x20000000         0x00018000         xrw
FLASH            0x08000000         0x00080000         xr
*default*        0x00000000         0xffffffff

Linker script and memory map

LOAD C:/ST/STM32CubeIDE_1.16.0/STM32CubeIDE/plugins/com.st.stm32cube.ide.mcu.externaltools.gnu-tools-for-stm32.12.3.rel1.win32_1.0.200.202406191623/tools/bin/../lib/gcc/arm-none-eabi/12.3.1/thumb/v7e-m+fp/hard/crti.o
LOAD C:/ST/STM32CubeIDE_1.16.0/STM32CubeIDE/plugins/com.st.stm32cube.ide.mcu.externaltools.gnu-tools-for-stm32.12.3.rel1.win32_1.0.200.202406191623/tools/bin/../lib/gcc/arm-none-eabi/12.3.1/thumb/v7e-m+fp/hard/crtbegin.o
LOAD C:/ST/STM32CubeIDE_1.16.0/STM32CubeIDE/plugins/com.st.stm32cube.ide.mcu.externaltools.gnu-tools-for-stm32.12.3.rel1.win32_1.0.200.202406191623/tools/bin/../lib/gcc/arm-none-eabi/12.3.1/../../../../arm-none-eabi/lib/thumb/v7e-m+fp/hard/crt0.o
LOAD ./Core/Src/GC9A01.o
LOAD ./Core/Src/fonts.o
LOAD ./Core/Src/main.o
LOAD ./Core/Src/stm32f4xx_hal_msp.o
LOAD ./Core/Src/stm32f4xx_it.o
LOAD ./Core/Src/syscalls.o
LOAD ./Core/Src/sysmem.o
LOAD ./Core/Src/system_stm32f4xx.o
LOAD ./Core/Startup/startup_stm32f401retx.o
LOAD ./Drivers/STM32F4xx_HAL_Driver/Src/stm32f4xx_hal.o
LOAD ./Drivers/STM32F4xx_HAL_Driver/Src/stm32f4xx_hal_cortex.o
LOAD ./Drivers/STM32F4xx_HAL_Driver/Src/stm32f4xx_hal_dma.o
LOAD ./Drivers/STM32F4xx_HAL_Driver/Src/stm32f4xx_hal_dma_ex.o
LOAD ./Drivers/STM32F4xx_HAL_Driver/Src/stm32f4xx_hal_exti.o
LOAD ./Drivers/STM32F4xx_HAL_Driver/Src/stm32f4xx_hal_flash.o
LOAD ./Drivers/STM32F4xx_HAL_Driver/Src/stm32f4xx_hal_flash_ex.o
LOAD ./Drivers/STM32F4xx_HAL_Driver/Src/stm32f4xx_hal_flash_ramfunc.o
LOAD ./Drivers/STM32F4xx_HAL_Driver/Src/stm32f4xx_hal_gpio.o
LOAD ./Drivers/STM32F4xx_HAL_Driver/Src/stm32f4xx_hal_pwr.o
LOAD ./Drivers/STM32F4xx_HAL_Driver/Src/stm32f4xx_hal_pwr_ex.o
LOAD ./Drivers/STM32F4xx_HAL_Driver/Src/stm32f4xx_hal_rcc.o
LOAD ./Drivers/STM32F4xx_HAL_Driver/Src/stm32f4xx_hal_rcc_ex.o
LOAD ./Drivers/STM32F4xx_HAL_Driver/Src/stm32f4xx_hal_rtc.o
LOAD ./Drivers/STM32F4xx_HAL_Driver/Src/stm32f4xx_hal_rtc_ex.o
LOAD ./Drivers/STM32F4xx_HAL_Driver/Src/stm32f4xx_hal_spi.o
LOAD ./Drivers/STM32F4xx_HAL_Driver/Src/stm32f4xx_hal_tim.o
LOAD ./Drivers/STM32F4xx_HAL_Driver/Src/stm32f4xx_hal_tim_ex.o
START GROUP
LOAD C:/ST/STM32CubeIDE_1.16.0/STM32CubeIDE/plugins/com.st.stm32cube.ide.mcu.externaltools.gnu-tools-for-stm32.12.3.rel1.win32_1.0.200.202406191623/tools/bin/../lib/gcc/arm-none-eabi/12.3.1/../../../../arm-none-eabi/lib/thumb/v7e-m+fp/hard\libc_nano.a
LOAD C:/ST/STM32CubeIDE_1.16.0/STM32CubeIDE/plugins/com.st.stm32cube.ide.mcu.externaltools.gnu-tools-for-stm32.12.3.rel1.win32_1.0.200.202406191623/tools/bin/../lib/gcc/arm-none-eabi/12.3.1/../../../../arm-none-eabi/lib/thumb/v7e-m+fp/hard\libm.a
END GROUP
START GROUP
LOAD C:/ST/STM32CubeIDE_1.16.0/STM32CubeIDE/plugins/com.st.stm32cube.ide.mcu.externaltools.gnu-tools-for-stm32.12.3.rel1.win32_1.0.200.202406191623/tools/bin/../lib/gcc/arm-none-eabi/12.3.1/thumb/v7e-m+fp/hard\libgcc.a
LOAD C:/ST/STM32CubeIDE_1.16.0/STM32CubeIDE/plugins/com.st.stm32cube.ide.mcu.externaltools.gnu-tools-for-stm32.12.3.rel1.win32_1.0.200.202406191623/tools/bin/../lib/gcc/arm-none-eabi/12.3.1/../../../../arm-none-eabi/lib/thumb/v7e-m+fp/hard\libc_nano.a
END GROUP
START GROUP
LOAD C:/ST/STM32CubeIDE_1.16.0/STM32CubeIDE/plugins/com.st.stm32cube.ide.mcu.externaltools.gnu-tools-for-stm32.12.3.rel1.win32_1.0.200.202406191623/tools/bin/../lib/gcc/arm-none-eabi/12.3.1/thumb/v7e-m+fp/hard\libgcc.a
LOAD C:/ST/STM32CubeIDE_1.16.0/STM32CubeIDE/plugins/com.st.stm32cube.ide.mcu.externaltools.gnu-tools-for-stm32.12.3.rel1.win32_1.0.200.202406191623/tools/bin/../lib/gcc/arm-none-eabi/12.3.1/../../../../arm-none-eabi/lib/thumb/v7e-m+fp/hard\libc_nano.a
LOAD C:/ST/STM32CubeIDE_1.16.0/STM32CubeIDE/plugins/com.st.stm32cube.ide.mcu.externaltools.gnu-tools-for-stm32.12.3.rel1.win32_1.0.200.202406191623/tools/bin/../lib/gcc/arm-none-eabi/12.3.1/../../../../arm-none-eabi/lib/thumb/v7e-m+fp/hard\libnosys.a
END GROUP
START GROUP
LOAD C:/ST/STM32CubeIDE_1.16.0/STM32CubeIDE/plugins/com.st.stm32cube.ide.mcu.externaltools.gnu-tools-for-stm32.12.3.rel1.win32_1.0.200.202406191623/tools/bin/../lib/gcc/arm-none-eabi/12.3.1/thumb/v7e-m+fp/hard\libgcc.a
LOAD C:/ST/STM32CubeIDE_1.16.0/STM32CubeIDE/plugins/com.st.stm32cube.ide.mcu.externaltools.gnu-tools-for-stm32.12.3.rel1.win32_1.0.200.202406191623/tools/bin/../lib/gcc/arm-none-eabi/12.3.1/../../../../arm-none-eabi/lib/thumb/v7e-m+fp/hard\libc_nano.a
LOAD C:/ST/STM32CubeIDE_1.16.0/STM32CubeIDE/plugins/com.st.stm32cube.ide.mcu.externaltools.gnu-tools-for-stm32.12.3.rel1.win32_1.0.200.202406191623/tools/bin/../lib/gcc/arm-none-eabi/12.3.1/../../../../arm-none-eabi/lib/thumb/v7e-m+fp/hard\libnosys.a
END GROUP
LOAD C:/ST/STM32CubeIDE_1.16.0/STM32CubeIDE/plugins/com.st.stm32cube.ide.mcu.externaltools.gnu-tools-for-stm32.12.3.rel1.win32_1.0.200.202406191623/tools/bin/../lib/gcc/arm-none-eabi/12.3.1/thumb/v7e-m+fp/hard/crtend.o
LOAD C:/ST/STM32CubeIDE_1.16.0/STM32CubeIDE/plugins/com.st.stm32cube.ide.mcu.externaltools.gnu-tools-for-stm32.12.3.rel1.win32_1.0.200.202406191623/tools/bin/../lib/gcc/arm-none-eabi/12.3.1/thumb/v7e-m+fp/hard/crtn.o
                0x20018000                        _estack = (ORIGIN (RAM) + LENGTH (RAM))
                0x00000200                        _Min_Heap_Size = 0x200
                0x00000400                        _Min_Stack_Size = 0x400

.isr_vector     0x08000000      0x194
                0x08000000                        . = ALIGN (0x4)
 *(.isr_vector)
 .isr_vector    0x08000000      0x194 ./Core/Startup/startup_stm32f401retx.o
                0x08000000                g_pfnVectors
                0x08000194                        . = ALIGN (0x4)

.text           0x08000198     0x6ad8
                0x08000198                        . = ALIGN (0x4)
 *(.text)
 .text          0x08000198       0x40 C:/ST/STM32CubeIDE_1.16.0/STM32CubeIDE/plugins/com.st.stm32cube.ide.mcu.externaltools.gnu-tools-for-stm32.12.3.rel1.win32_1.0.200.202406191623/tools/bin/../lib/gcc/arm-none-eabi/12.3.1/thumb/v7e-m+fp/hard/crtbegin.o
 .text          0x080001d8       0x10 C:/ST/STM32CubeIDE_1.16.0/STM32CubeIDE/plugins/com.st.stm32cube.ide.mcu.externaltools.gnu-tools-for-stm32.12.3.rel1.win32_1.0.200.202406191623/tools/bin/../lib/gcc/arm-none-eabi/12.3.1/../../../../arm-none-eabi/lib/thumb/v7e-m+fp/hard\libc_nano.a(libc_a-strlen.o)
                0x080001d8                strlen
 .text          0x080001e8      0x378 C:/ST/STM32CubeIDE_1.16.0/STM32CubeIDE/plugins/com.st.stm32cube.ide.mcu.externaltools.gnu-tools-for-stm32.12.3.rel1.win32_1.0.200.202406191623/tools/bin/../lib/gcc/arm-none-eabi/12.3.1/thumb/v7e-m+fp/hard\libgcc.a(_arm_addsubdf3.o)
                0x080001e8                __aeabi_drsub
                0x080001f0                __aeabi_dsub
                0x080001f0                __subdf3
                0x080001f4                __aeabi_dadd
                0x080001f4                __adddf3
                0x0800046c                __floatunsidf
                0x0800046c                __aeabi_ui2d
                0x0800048c                __floatsidf
                0x0800048c                __aeabi_i2d
                0x080004b0                __aeabi_f2d
                0x080004b0                __extendsfdf2
                0x080004f4                __floatundidf
                0x080004f4                __aeabi_ul2d
                0x08000504                __floatdidf
                0x08000504                __aeabi_l2d
 .text          0x08000560      0x424 C:/ST/STM32CubeIDE_1.16.0/STM32CubeIDE/plugins/com.st.stm32cube.ide.mcu.externaltools.gnu-tools-for-stm32.12.3.rel1.win32_1.0.200.202406191623/tools/bin/../lib/gcc/arm-none-eabi/12.3.1/thumb/v7e-m+fp/hard\libgcc.a(_arm_muldivdf3.o)
                0x08000560                __aeabi_dmul
                0x08000560                __muldf3
                0x080007b4                __divdf3
                0x080007b4                __aeabi_ddiv
 .text          0x08000984      0x110 C:/ST/STM32CubeIDE_1.16.0/STM32CubeIDE/plugins/com.st.stm32cube.ide.mcu.externaltools.gnu-tools-for-stm32.12.3.rel1.win32_1.0.200.202406191623/tools/bin/../lib/gcc/arm-none-eabi/12.3.1/thumb/v7e-m+fp/hard\libgcc.a(_arm_cmpdf2.o)
                0x08000984                __gtdf2
                0x08000984                __gedf2
                0x0800098c                __ltdf2
                0x0800098c                __ledf2
                0x08000994                __nedf2
                0x08000994                __eqdf2
                0x08000994                __cmpdf2
                0x08000a10                __aeabi_cdrcmple
                0x08000a20                __aeabi_cdcmpeq
                0x08000a20                __aeabi_cdcmple
                0x08000a30                __aeabi_dcmpeq
                0x08000a44                __aeabi_dcmplt
                0x08000a58                __aeabi_dcmple
                0x08000a6c                __aeabi_dcmpge
                0x08000a80                __aeabi_dcmpgt
 .text          0x08000a94       0x50 C:/ST/STM32CubeIDE_1.16.0/STM32CubeIDE/plugins/com.st.stm32cube.ide.mcu.externaltools.gnu-tools-for-stm32.12.3.rel1.win32_1.0.200.202406191623/tools/bin/../lib/gcc/arm-none-eabi/12.3.1/thumb/v7e-m+fp/hard\libgcc.a(_arm_fixdfsi.o)
                0x08000a94                __aeabi_d2iz
                0x08000a94                __fixdfsi
 .text          0x08000ae4       0xa0 C:/ST/STM32CubeIDE_1.16.0/STM32CubeIDE/plugins/com.st.stm32cube.ide.mcu.externaltools.gnu-tools-for-stm32.12.3.rel1.win32_1.0.200.202406191623/tools/bin/../lib/gcc/arm-none-eabi/12.3.1/thumb/v7e-m+fp/hard\libgcc.a(_arm_truncdfsf2.o)
                0x08000ae4                __truncdfsf2
                0x08000ae4                __aeabi_d2f
 .text          0x08000b84       0x30 C:/ST/STM32CubeIDE_1.16.0/STM32CubeIDE/plugins/com.st.stm32cube.ide.mcu.externaltools.gnu-tools-for-stm32.12.3.rel1.win32_1.0.200.202406191623/tools/bin/../lib/gcc/arm-none-eabi/12.3.1/thumb/v7e-m+fp/hard\libgcc.a(_aeabi_uldivmod.o)
                0x08000b84                __aeabi_uldivmod
 .text          0x08000bb4      0x2bc C:/ST/STM32CubeIDE_1.16.0/STM32CubeIDE/plugins/com.st.stm32cube.ide.mcu.externaltools.gnu-tools-for-stm32.12.3.rel1.win32_1.0.200.202406191623/tools/bin/../lib/gcc/arm-none-eabi/12.3.1/thumb/v7e-m+fp/hard\libgcc.a(_udivmoddi4.o)
                0x08000bb4                __udivmoddi4
 .text          0x08000e70        0x4 C:/ST/STM32CubeIDE_1.16.0/STM32CubeIDE/plugins/com.st.stm32cube.ide.mcu.externaltools.gnu-tools-for-stm32.12.3.rel1.win32_1.0.200.202406191623/tools/bin/../lib/gcc/arm-none-eabi/12.3.1/thumb/v7e-m+fp/hard\libgcc.a(_dvmd_tls.o)
                0x08000e70                __aeabi_idiv0
                0x08000e70                __aeabi_ldiv0
 *(.text*)
 .text.GC9A01_Init
                0x08000e74      0x4ac ./Core/Src/GC9A01.o
                0x08000e74                GC9A01_Init
 .text.GC9A01_Select
                0x08001320       0x1c ./Core/Src/GC9A01.o
 .text.GC9A01_Unselect
                0x0800133c       0x18 ./Core/Src/GC9A01.o
 .text.GC9A01_HardReset
                0x08001354       0x30 ./Core/Src/GC9A01.o
                0x08001354                GC9A01_HardReset
 .text.GC9A01_SendCmd
                0x08001384       0x6c ./Core/Src/GC9A01.o
 .text.GC9A01_SendData
                0x080013f0       0x5c ./Core/Src/GC9A01.o
 .text.GC9A01_SendDataMASS
                0x0800144c       0x70 ./Core/Src/GC9A01.o
 .text.GC9A01_Clear
                0x080014bc       0x2c ./Core/Src/GC9A01.o
                0x080014bc                GC9A01_Clear
 .text.GC9A01_FillRect
                0x080014e8       0xbc ./Core/Src/GC9A01.o
                0x080014e8                GC9A01_FillRect
 .text.GC9A01_SetWindow
                0x080015a4       0x4c ./Core/Src/GC9A01.o
 .text.GC9A01_RamWrite
                0x080015f0       0x46 ./Core/Src/GC9A01.o
 *fill*         0x08001636        0x2 
 .text.GC9A01_ColumnSet
                0x08001638       0x84 ./Core/Src/GC9A01.o
 .text.GC9A01_RowSet
                0x080016bc       0x84 ./Core/Src/GC9A01.o
 .text.GC9A01_DrawRectangle
                0x08001740       0x8e ./Core/Src/GC9A01.o
                0x08001740                GC9A01_DrawRectangle
 .text.SwapInt16Values
                0x080017ce       0x2c ./Core/Src/GC9A01.o
 .text.GC9A01_DrawRectangleFilled
                0x080017fa       0x8e ./Core/Src/GC9A01.o
                0x080017fa                GC9A01_DrawRectangleFilled
 .text.GC9A01_DrawLine_Slow
                0x08001888      0x106 ./Core/Src/GC9A01.o
 .text.GC9A01_DrawLine
                0x0800198e       0xfa ./Core/Src/GC9A01.o
                0x0800198e                GC9A01_DrawLine
 .text.GC9A01_DrawPixel
                0x08001a88       0x64 ./Core/Src/GC9A01.o
                0x08001a88                GC9A01_DrawPixel
 .text.GC9A01_DrawCircleFilled
                0x08001aec      0x136 ./Core/Src/GC9A01.o
                0x08001aec                GC9A01_DrawCircleFilled
 .text.GC9A01_DrawCircle
                0x08001c22      0x13e ./Core/Src/GC9A01.o
                0x08001c22                GC9A01_DrawCircle
 .text.GC9A01_DrawChar
                0x08001d60      0x30c ./Core/Src/GC9A01.o
                0x08001d60                GC9A01_DrawChar
 .text.GC9A01_print
                0x0800206c      0x188 ./Core/Src/GC9A01.o
                0x0800206c                GC9A01_print
 .text.GC9A01_rotation
                0x080021f4       0xb0 ./Core/Src/GC9A01.o
                0x080021f4                GC9A01_rotation
 .text.GC9A01_DrawLineThick
                0x080022a4      0x14a ./Core/Src/GC9A01.o
                0x080022a4                GC9A01_DrawLineThick
 *fill*         0x080023ee        0x2 
 .text.GC9A01_DrawArc
                0x080023f0      0x1cc ./Core/Src/GC9A01.o
                0x080023f0                GC9A01_DrawArc
 .text.SPI_Write
                0x080025bc       0x38 ./Core/Src/GC9A01.o
                0x080025bc                SPI_Write
 .text.Write_Cmd_Data
                0x080025f4       0x44 ./Core/Src/GC9A01.o
                0x080025f4                Write_Cmd_Data
 .text.Write_Cmd
                0x08002638       0x44 ./Core/Src/GC9A01.o
                0x08002638                Write_Cmd
 .text.LCD_SetPos
                0x0800267c       0x80 ./Core/Src/GC9A01.o
                0x0800267c                LCD_SetPos
 .text.Write_Bytes
                0x080026fc       0x48 ./Core/Src/GC9A01.o
                0x080026fc                Write_Bytes
 .text.ClearWindow
                0x08002744      0x136 ./Core/Src/GC9A01.o
                0x08002744                ClearWindow
 .text.ClearScreen2
                0x0800287a       0x20 ./Core/Src/GC9A01.o
                0x0800287a                ClearScreen2
 *fill*         0x0800289a        0x6 
 .text.DrawArrow
                0x080028a0      0x130 ./Core/Src/main.o
 .text.DrawClock
                0x080029d0      0x620 ./Core/Src/main.o
                0x080029d0                DrawClock
 .text.main     0x08002ff0      0x1cc ./Core/Src/main.o
                0x08002ff0                main
 .text.SystemClock_Config
                0x080031bc       0xd8 ./Core/Src/main.o
                0x080031bc                SystemClock_Config
 .text.MX_RTC_Init
                0x08003294       0xb4 ./Core/Src/main.o
 .text.MX_SPI1_Init
                0x08003348       0x6c ./Core/Src/main.o
 .text.MX_DMA_Init
                0x080033b4       0x50 ./Core/Src/main.o
 .text.MX_GPIO_Init
                0x08003404       0xb4 ./Core/Src/main.o
 .text.Error_Handler
                0x080034b8        0xc ./Core/Src/main.o
                0x080034b8                Error_Handler
 .text.HAL_MspInit
                0x080034c4       0x50 ./Core/Src/stm32f4xx_hal_msp.o
                0x080034c4                HAL_MspInit
 .text.HAL_RTC_MspInit
                0x08003514       0x58 ./Core/Src/stm32f4xx_hal_msp.o
                0x08003514                HAL_RTC_MspInit
 .text.HAL_SPI_MspInit
                0x0800356c      0x158 ./Core/Src/stm32f4xx_hal_msp.o
                0x0800356c                HAL_SPI_MspInit
 .text.NMI_Handler
                0x080036c4        0x8 ./Core/Src/stm32f4xx_it.o
                0x080036c4                NMI_Handler
 .text.HardFault_Handler
                0x080036cc        0x8 ./Core/Src/stm32f4xx_it.o
                0x080036cc                HardFault_Handler
 .text.MemManage_Handler
                0x080036d4        0x8 ./Core/Src/stm32f4xx_it.o
                0x080036d4                MemManage_Handler
 .text.BusFault_Handler
                0x080036dc        0x8 ./Core/Src/stm32f4xx_it.o
                0x080036dc                BusFault_Handler
 .text.UsageFault_Handler
                0x080036e4        0x8 ./Core/Src/stm32f4xx_it.o
                0x080036e4                UsageFault_Handler
 .text.SVC_Handler
                0x080036ec        0xe ./Core/Src/stm32f4xx_it.o
                0x080036ec                SVC_Handler
 .text.DebugMon_Handler
                0x080036fa        0xe ./Core/Src/stm32f4xx_it.o
                0x080036fa                DebugMon_Handler
 .text.PendSV_Handler
                0x08003708        0xe ./Core/Src/stm32f4xx_it.o
                0x08003708                PendSV_Handler
 .text.SysTick_Handler
                0x08003716        0xc ./Core/Src/stm32f4xx_it.o
                0x08003716                SysTick_Handler
 *fill*         0x08003722        0x2 
 .text.DMA2_Stream0_IRQHandler
                0x08003724       0x14 ./Core/Src/stm32f4xx_it.o
                0x08003724                DMA2_Stream0_IRQHandler
 .text.DMA2_Stream3_IRQHandler
                0x08003738       0x14 ./Core/Src/stm32f4xx_it.o
                0x08003738                DMA2_Stream3_IRQHandler
 .text.SystemInit
                0x0800374c       0x24 ./Core/Src/system_stm32f4xx.o
                0x0800374c                SystemInit
 .text.Reset_Handler
                0x08003770       0x50 ./Core/Startup/startup_stm32f401retx.o
                0x08003770                Reset_Handler
 .text.Default_Handler
                0x080037c0        0x2 ./Core/Startup/startup_stm32f401retx.o
                0x080037c0                RTC_Alarm_IRQHandler
                0x080037c0                EXTI2_IRQHandler
                0x080037c0                SPI4_IRQHandler
                0x080037c0                TIM1_CC_IRQHandler
                0x080037c0                DMA2_Stream5_IRQHandler
                0x080037c0                DMA1_Stream5_IRQHandler
                0x080037c0                PVD_IRQHandler
                0x080037c0                SDIO_IRQHandler
                0x080037c0                TAMP_STAMP_IRQHandler
                0x080037c0                EXTI3_IRQHandler
                0x080037c0                TIM1_UP_TIM10_IRQHandler
                0x080037c0                I2C3_ER_IRQHandler
                0x080037c0                EXTI0_IRQHandler
                0x080037c0                I2C2_EV_IRQHandler
                0x080037c0                DMA1_Stream2_IRQHandler
                0x080037c0                FPU_IRQHandler
                0x080037c0                DMA2_Stream2_IRQHandler
                0x080037c0                SPI1_IRQHandler
                0x080037c0                TIM1_BRK_TIM9_IRQHandler
                0x080037c0                USART6_IRQHandler
                0x080037c0                TIM4_IRQHandler
                0x080037c0                I2C1_EV_IRQHandler
                0x080037c0                DMA1_Stream6_IRQHandler
                0x080037c0                DMA1_Stream1_IRQHandler
                0x080037c0                TIM3_IRQHandler
                0x080037c0                RCC_IRQHandler
                0x080037c0                Default_Handler
                0x080037c0                EXTI15_10_IRQHandler
                0x080037c0                ADC_IRQHandler
                0x080037c0                DMA1_Stream7_IRQHandler
                0x080037c0                TIM5_IRQHandler
                0x080037c0                DMA2_Stream7_IRQHandler
                0x080037c0                I2C3_EV_IRQHandler
                0x080037c0                EXTI9_5_IRQHandler
                0x080037c0                RTC_WKUP_IRQHandler
                0x080037c0                SPI2_IRQHandler
                0x080037c0                DMA1_Stream0_IRQHandler
                0x080037c0                EXTI4_IRQHandler
                0x080037c0                WWDG_IRQHandler
                0x080037c0                TIM2_IRQHandler
                0x080037c0                OTG_FS_WKUP_IRQHandler
                0x080037c0                TIM1_TRG_COM_TIM11_IRQHandler
                0x080037c0                EXTI1_IRQHandler
                0x080037c0                USART2_IRQHandler
                0x080037c0                I2C2_ER_IRQHandler
                0x080037c0                DMA2_Stream1_IRQHandler
                0x080037c0                FLASH_IRQHandler
                0x080037c0                DMA2_Stream4_IRQHandler
                0x080037c0                USART1_IRQHandler
                0x080037c0                OTG_FS_IRQHandler
                0x080037c0                SPI3_IRQHandler
                0x080037c0                DMA1_Stream4_IRQHandler
                0x080037c0                I2C1_ER_IRQHandler
                0x080037c0                DMA2_Stream6_IRQHandler
                0x080037c0                DMA1_Stream3_IRQHandler
 *fill*         0x080037c2        0x2 
 .text.HAL_Init
                0x080037c4       0x44 ./Drivers/STM32F4xx_HAL_Driver/Src/stm32f4xx_hal.o
                0x080037c4                HAL_Init
 .text.HAL_InitTick
                0x08003808       0x60 ./Drivers/STM32F4xx_HAL_Driver/Src/stm32f4xx_hal.o
                0x08003808                HAL_InitTick
 .text.HAL_IncTick
                0x08003868       0x28 ./Drivers/STM32F4xx_HAL_Driver/Src/stm32f4xx_hal.o
                0x08003868                HAL_IncTick
 .text.HAL_GetTick
                0x08003890       0x18 ./Drivers/STM32F4xx_HAL_Driver/Src/stm32f4xx_hal.o
                0x08003890                HAL_GetTick
 .text.HAL_Delay
                0x080038a8       0x48 ./Drivers/STM32F4xx_HAL_Driver/Src/stm32f4xx_hal.o
                0x080038a8                HAL_Delay
 .text.__NVIC_SetPriorityGrouping
                0x080038f0       0x48 ./Drivers/STM32F4xx_HAL_Driver/Src/stm32f4xx_hal_cortex.o
 .text.__NVIC_GetPriorityGrouping
                0x08003938       0x1c ./Drivers/STM32F4xx_HAL_Driver/Src/stm32f4xx_hal_cortex.o
 .text.__NVIC_EnableIRQ
                0x08003954       0x3c ./Drivers/STM32F4xx_HAL_Driver/Src/stm32f4xx_hal_cortex.o
 .text.__NVIC_SetPriority
                0x08003990       0x54 ./Drivers/STM32F4xx_HAL_Driver/Src/stm32f4xx_hal_cortex.o
 .text.NVIC_EncodePriority
                0x080039e4       0x66 ./Drivers/STM32F4xx_HAL_Driver/Src/stm32f4xx_hal_cortex.o
 *fill*         0x08003a4a        0x2 
 .text.SysTick_Config
                0x08003a4c       0x44 ./Drivers/STM32F4xx_HAL_Driver/Src/stm32f4xx_hal_cortex.o
 .text.HAL_NVIC_SetPriorityGrouping
                0x08003a90       0x16 ./Drivers/STM32F4xx_HAL_Driver/Src/stm32f4xx_hal_cortex.o
                0x08003a90                HAL_NVIC_SetPriorityGrouping
 .text.HAL_NVIC_SetPriority
                0x08003aa6       0x38 ./Drivers/STM32F4xx_HAL_Driver/Src/stm32f4xx_hal_cortex.o
                0x08003aa6                HAL_NVIC_SetPriority
 .text.HAL_NVIC_EnableIRQ
                0x08003ade       0x1c ./Drivers/STM32F4xx_HAL_Driver/Src/stm32f4xx_hal_cortex.o
                0x08003ade                HAL_NVIC_EnableIRQ
 .text.HAL_SYSTICK_Config
                0x08003afa       0x18 ./Drivers/STM32F4xx_HAL_Driver/Src/stm32f4xx_hal_cortex.o
                0x08003afa                HAL_SYSTICK_Config
 *fill*         0x08003b12        0x2 
 .text.HAL_DMA_Init
                0x08003b14      0x15c ./Drivers/STM32F4xx_HAL_Driver/Src/stm32f4xx_hal_dma.o
                0x08003b14                HAL_DMA_Init
 .text.HAL_DMA_Start_IT
                0x08003c70       0xb0 ./Drivers/STM32F4xx_HAL_Driver/Src/stm32f4xx_hal_dma.o
                0x08003c70                HAL_DMA_Start_IT
 .text.HAL_DMA_IRQHandler
                0x08003d20      0x314 ./Drivers/STM32F4xx_HAL_Driver/Src/stm32f4xx_hal_dma.o
                0x08003d20                HAL_DMA_IRQHandler
 .text.DMA_SetConfig
                0x08004034       0x5c ./Drivers/STM32F4xx_HAL_Driver/Src/stm32f4xx_hal_dma.o
 .text.DMA_CalcBaseAndBitshift
                0x08004090       0x6c ./Drivers/STM32F4xx_HAL_Driver/Src/stm32f4xx_hal_dma.o
 .text.DMA_CheckFifoParam
                0x080040fc       0xf8 ./Drivers/STM32F4xx_HAL_Driver/Src/stm32f4xx_hal_dma.o
 .text.HAL_GPIO_Init
                0x080041f4      0x308 ./Drivers/STM32F4xx_HAL_Driver/Src/stm32f4xx_hal_gpio.o
                0x080041f4                HAL_GPIO_Init
 .text.HAL_GPIO_WritePin
                0x080044fc       0x32 ./Drivers/STM32F4xx_HAL_Driver/Src/stm32f4xx_hal_gpio.o
                0x080044fc                HAL_GPIO_WritePin
 *fill*         0x0800452e        0x2 
 .text.HAL_RCC_OscConfig
                0x08004530      0x4f0 ./Drivers/STM32F4xx_HAL_Driver/Src/stm32f4xx_hal_rcc.o
                0x08004530                HAL_RCC_OscConfig
 .text.HAL_RCC_ClockConfig
                0x08004a20      0x1cc ./Drivers/STM32F4xx_HAL_Driver/Src/stm32f4xx_hal_rcc.o
                0x08004a20                HAL_RCC_ClockConfig
 .text.HAL_RCC_GetSysClockFreq
                0x08004bec      0x18c ./Drivers/STM32F4xx_HAL_Driver/Src/stm32f4xx_hal_rcc.o
                0x08004bec                HAL_RCC_GetSysClockFreq
 .text.HAL_RCCEx_PeriphCLKConfig
                0x08004d78      0x1dc ./Drivers/STM32F4xx_HAL_Driver/Src/stm32f4xx_hal_rcc_ex.o
                0x08004d78                HAL_RCCEx_PeriphCLKConfig
 .text.HAL_RTC_Init
                0x08004f54      0x106 ./Drivers/STM32F4xx_HAL_Driver/Src/stm32f4xx_hal_rtc.o
                0x08004f54                HAL_RTC_Init
 .text.HAL_RTC_SetTime
                0x0800505a      0x134 ./Drivers/STM32F4xx_HAL_Driver/Src/stm32f4xx_hal_rtc.o
                0x0800505a                HAL_RTC_SetTime
 .text.HAL_RTC_GetTime
                0x0800518e       0xbc ./Drivers/STM32F4xx_HAL_Driver/Src/stm32f4xx_hal_rtc.o
                0x0800518e                HAL_RTC_GetTime
 .text.HAL_RTC_SetDate
                0x0800524a      0x108 ./Drivers/STM32F4xx_HAL_Driver/Src/stm32f4xx_hal_rtc.o
                0x0800524a                HAL_RTC_SetDate
 .text.HAL_RTC_GetDate
                0x08005352       0x9e ./Drivers/STM32F4xx_HAL_Driver/Src/stm32f4xx_hal_rtc.o
                0x08005352                HAL_RTC_GetDate
 .text.HAL_RTC_WaitForSynchro
                0x080053f0       0x4c ./Drivers/STM32F4xx_HAL_Driver/Src/stm32f4xx_hal_rtc.o
                0x080053f0                HAL_RTC_WaitForSynchro
 .text.RTC_EnterInitMode
                0x0800543c       0x6e ./Drivers/STM32F4xx_HAL_Driver/Src/stm32f4xx_hal_rtc.o
                0x0800543c                RTC_EnterInitMode
 .text.RTC_ExitInitMode
                0x080054aa       0x4a ./Drivers/STM32F4xx_HAL_Driver/Src/stm32f4xx_hal_rtc.o
                0x080054aa                RTC_ExitInitMode
 .text.RTC_ByteToBcd2
                0x080054f4       0x3c ./Drivers/STM32F4xx_HAL_Driver/Src/stm32f4xx_hal_rtc.o
                0x080054f4                RTC_ByteToBcd2
 .text.RTC_Bcd2ToByte
                0x08005530       0x3c ./Drivers/STM32F4xx_HAL_Driver/Src/stm32f4xx_hal_rtc.o
                0x08005530                RTC_Bcd2ToByte
 .text.HAL_SPI_Init
                0x0800556c      0x112 ./Drivers/STM32F4xx_HAL_Driver/Src/stm32f4xx_hal_spi.o
                0x0800556c                HAL_SPI_Init
 *fill*         0x0800567e        0x2 
 .text.HAL_SPI_Transmit_DMA
                0x08005680      0x164 ./Drivers/STM32F4xx_HAL_Driver/Src/stm32f4xx_hal_spi.o
                0x08005680                HAL_SPI_Transmit_DMA
 .text.HAL_SPI_TxCpltCallback
                0x080057e4       0x14 ./Drivers/STM32F4xx_HAL_Driver/Src/stm32f4xx_hal_spi.o
                0x080057e4                HAL_SPI_TxCpltCallback
 .text.HAL_SPI_TxHalfCpltCallback
                0x080057f8       0x14 ./Drivers/STM32F4xx_HAL_Driver/Src/stm32f4xx_hal_spi.o
                0x080057f8                HAL_SPI_TxHalfCpltCallback
 .text.HAL_SPI_ErrorCallback
                0x0800580c       0x14 ./Drivers/STM32F4xx_HAL_Driver/Src/stm32f4xx_hal_spi.o
                0x0800580c                HAL_SPI_ErrorCallback
 .text.HAL_SPI_GetState
                0x08005820       0x1c ./Drivers/STM32F4xx_HAL_Driver/Src/stm32f4xx_hal_spi.o
                0x08005820                HAL_SPI_GetState
 .text.SPI_DMATransmitCplt
                0x0800583c       0xa8 ./Drivers/STM32F4xx_HAL_Driver/Src/stm32f4xx_hal_spi.o
 .text.SPI_DMAHalfTransmitCplt
                0x080058e4       0x1c ./Drivers/STM32F4xx_HAL_Driver/Src/stm32f4xx_hal_spi.o
 .text.SPI_DMAError
                0x08005900       0x40 ./Drivers/STM32F4xx_HAL_Driver/Src/stm32f4xx_hal_spi.o
 .text.SPI_WaitFlagStateUntilTimeout
                0x08005940      0x110 ./Drivers/STM32F4xx_HAL_Driver/Src/stm32f4xx_hal_spi.o
 .text.SPI_EndRxTxTransaction
                0x08005a50       0xa8 ./Drivers/STM32F4xx_HAL_Driver/Src/stm32f4xx_hal_spi.o
 .text.memset   0x08005af8       0x10 C:/ST/STM32CubeIDE_1.16.0/STM32CubeIDE/plugins/com.st.stm32cube.ide.mcu.externaltools.gnu-tools-for-stm32.12.3.rel1.win32_1.0.200.202406191623/tools/bin/../lib/gcc/arm-none-eabi/12.3.1/../../../../arm-none-eabi/lib/thumb/v7e-m+fp/hard\libc_nano.a(libc_a-memset.o)
                0x08005af8                memset
 .text.__libc_init_array
                0x08005b08       0x48 C:/ST/STM32CubeIDE_1.16.0/STM32CubeIDE/plugins/com.st.stm32cube.ide.mcu.externaltools.gnu-tools-for-stm32.12.3.rel1.win32_1.0.200.202406191623/tools/bin/../lib/gcc/arm-none-eabi/12.3.1/../../../../arm-none-eabi/lib/thumb/v7e-m+fp/hard\libc_nano.a(libc_a-init.o)
                0x08005b08                __libc_init_array
 .text.cos      0x08005b50       0xa8 C:/ST/STM32CubeIDE_1.16.0/STM32CubeIDE/plugins/com.st.stm32cube.ide.mcu.externaltools.gnu-tools-for-stm32.12.3.rel1.win32_1.0.200.202406191623/tools/bin/../lib/gcc/arm-none-eabi/12.3.1/../../../../arm-none-eabi/lib/thumb/v7e-m+fp/hard\libm.a(libm_a-s_cos.o)
                0x08005b50                cos
 .text.sin      0x08005bf8       0xa8 C:/ST/STM32CubeIDE_1.16.0/STM32CubeIDE/plugins/com.st.stm32cube.ide.mcu.externaltools.gnu-tools-for-stm32.12.3.rel1.win32_1.0.200.202406191623/tools/bin/../lib/gcc/arm-none-eabi/12.3.1/../../../../arm-none-eabi/lib/thumb/v7e-m+fp/hard\libm.a(libm_a-s_sin.o)
                0x08005bf8                sin
 .text.__kernel_cos
                0x08005ca0      0x18c C:/ST/STM32CubeIDE_1.16.0/STM32CubeIDE/plugins/com.st.stm32cube.ide.mcu.externaltools.gnu-tools-for-stm32.12.3.rel1.win32_1.0.200.202406191623/tools/bin/../lib/gcc/arm-none-eabi/12.3.1/../../../../arm-none-eabi/lib/thumb/v7e-m+fp/hard\libm.a(libm_a-k_cos.o)
                0x08005ca0                __kernel_cos
 *fill*         0x08005e2c        0x4 
 .text.__kernel_sin
                0x08005e30      0x174 C:/ST/STM32CubeIDE_1.16.0/STM32CubeIDE/plugins/com.st.stm32cube.ide.mcu.externaltools.gnu-tools-for-stm32.12.3.rel1.win32_1.0.200.202406191623/tools/bin/../lib/gcc/arm-none-eabi/12.3.1/../../../../arm-none-eabi/lib/thumb/v7e-m+fp/hard\libm.a(libm_a-k_sin.o)
                0x08005e30                __kernel_sin
 *fill*         0x08005fa4        0x4 
 .text.__ieee754_rem_pio2
                0x08005fa8      0x3f8 C:/ST/STM32CubeIDE_1.16.0/STM32CubeIDE/plugins/com.st.stm32cube.ide.mcu.externaltools.gnu-tools-for-stm32.12.3.rel1.win32_1.0.200.202406191623/tools/bin/../lib/gcc/arm-none-eabi/12.3.1/../../../../arm-none-eabi/lib/thumb/v7e-m+fp/hard\libm.a(libm_a-e_rem_pio2.o)
                0x08005fa8                __ieee754_rem_pio2
 .text.fabs     0x080063a0       0x10 C:/ST/STM32CubeIDE_1.16.0/STM32CubeIDE/plugins/com.st.stm32cube.ide.mcu.externaltools.gnu-tools-for-stm32.12.3.rel1.win32_1.0.200.202406191623/tools/bin/../lib/gcc/arm-none-eabi/12.3.1/../../../../arm-none-eabi/lib/thumb/v7e-m+fp/hard\libm.a(libm_a-s_fabs.o)
                0x080063a0                fabs
 .text.__kernel_rem_pio2
                0x080063b0      0x6b0 C:/ST/STM32CubeIDE_1.16.0/STM32CubeIDE/plugins/com.st.stm32cube.ide.mcu.externaltools.gnu-tools-for-stm32.12.3.rel1.win32_1.0.200.202406191623/tools/bin/../lib/gcc/arm-none-eabi/12.3.1/../../../../arm-none-eabi/lib/thumb/v7e-m+fp/hard\libm.a(libm_a-k_rem_pio2.o)
                0x080063b0                __kernel_rem_pio2
 .text.scalbn   0x08006a60       0xfc C:/ST/STM32CubeIDE_1.16.0/STM32CubeIDE/plugins/com.st.stm32cube.ide.mcu.externaltools.gnu-tools-for-stm32.12.3.rel1.win32_1.0.200.202406191623/tools/bin/../lib/gcc/arm-none-eabi/12.3.1/../../../../arm-none-eabi/lib/thumb/v7e-m+fp/hard\libm.a(libm_a-s_scalbn.o)
                0x08006a60                scalbn
 *fill*         0x08006b5c        0x4 
 .text.floor    0x08006b60       0xf8 C:/ST/STM32CubeIDE_1.16.0/STM32CubeIDE/plugins/com.st.stm32cube.ide.mcu.externaltools.gnu-tools-for-stm32.12.3.rel1.win32_1.0.200.202406191623/tools/bin/../lib/gcc/arm-none-eabi/12.3.1/../../../../arm-none-eabi/lib/thumb/v7e-m+fp/hard\libm.a(libm_a-s_floor.o)
                0x08006b60                floor
 *(.glue_7)
 .glue_7        0x08006c58        0x0 linker stubs
 *(.glue_7t)
 .glue_7t       0x08006c58        0x0 linker stubs
 *(.eh_frame)
 .eh_frame      0x08006c58        0x0 C:/ST/STM32CubeIDE_1.16.0/STM32CubeIDE/plugins/com.st.stm32cube.ide.mcu.externaltools.gnu-tools-for-stm32.12.3.rel1.win32_1.0.200.202406191623/tools/bin/../lib/gcc/arm-none-eabi/12.3.1/thumb/v7e-m+fp/hard/crtbegin.o
 *(.init)
 .init          0x08006c58        0x4 C:/ST/STM32CubeIDE_1.16.0/STM32CubeIDE/plugins/com.st.stm32cube.ide.mcu.externaltools.gnu-tools-for-stm32.12.3.rel1.win32_1.0.200.202406191623/tools/bin/../lib/gcc/arm-none-eabi/12.3.1/thumb/v7e-m+fp/hard/crti.o
                0x08006c58                _init
 .init          0x08006c5c        0x8 C:/ST/STM32CubeIDE_1.16.0/STM32CubeIDE/plugins/com.st.stm32cube.ide.mcu.externaltools.gnu-tools-for-stm32.12.3.rel1.win32_1.0.200.202406191623/tools/bin/../lib/gcc/arm-none-eabi/12.3.1/thumb/v7e-m+fp/hard/crtn.o
 *(.fini)
 .fini          0x08006c64        0x4 C:/ST/STM32CubeIDE_1.16.0/STM32CubeIDE/plugins/com.st.stm32cube.ide.mcu.externaltools.gnu-tools-for-stm32.12.3.rel1.win32_1.0.200.202406191623/tools/bin/../lib/gcc/arm-none-eabi/12.3.1/thumb/v7e-m+fp/hard/crti.o
                0x08006c64                _fini
 .fini          0x08006c68        0x8 C:/ST/STM32CubeIDE_1.16.0/STM32CubeIDE/plugins/com.st.stm32cube.ide.mcu.externaltools.gnu-tools-for-stm32.12.3.rel1.win32_1.0.200.202406191623/tools/bin/../lib/gcc/arm-none-eabi/12.3.1/thumb/v7e-m+fp/hard/crtn.o
                0x08006c70                        . = ALIGN (0x4)
                0x08006c70                        _etext = .

.vfp11_veneer   0x08006c70        0x0
 .vfp11_veneer  0x08006c70        0x0 linker stubs

.v4_bx          0x08006c70        0x0
 .v4_bx         0x08006c70        0x0 linker stubs

.iplt           0x08006c70        0x0
 .iplt          0x08006c70        0x0 C:/ST/STM32CubeIDE_1.16.0/STM32CubeIDE/plugins/com.st.stm32cube.ide.mcu.externaltools.gnu-tools-for-stm32.12.3.rel1.win32_1.0.200.202406191623/tools/bin/../lib/gcc/arm-none-eabi/12.3.1/thumb/v7e-m+fp/hard/crtbegin.o

.rodata         0x08006c70     0x3bf0
                0x08006c70                        . = ALIGN (0x4)
 *(.rodata)
 .rodata        0x08006c70       0x3b ./Core/Src/main.o
 *(.rodata*)
 *fill*         0x08006cab        0x1 
 .rodata.Font11x18
                0x08006cac     0x17a0 ./Core/Src/fonts.o
                0x08006cac                Font11x18
 .rodata.Font16x26
                0x0800844c     0x2220 ./Core/Src/fonts.o
                0x0800844c                Font16x26
 .rodata.AHBPrescTable
                0x0800a66c       0x10 ./Core/Src/system_stm32f4xx.o
                0x0800a66c                AHBPrescTable
 .rodata.flagBitshiftOffset.0
                0x0800a67c        0x8 ./Drivers/STM32F4xx_HAL_Driver/Src/stm32f4xx_hal_dma.o
 .rodata.npio2_hw
                0x0800a684       0x80 C:/ST/STM32CubeIDE_1.16.0/STM32CubeIDE/plugins/com.st.stm32cube.ide.mcu.externaltools.gnu-tools-for-stm32.12.3.rel1.win32_1.0.200.202406191623/tools/bin/../lib/gcc/arm-none-eabi/12.3.1/../../../../arm-none-eabi/lib/thumb/v7e-m+fp/hard\libm.a(libm_a-e_rem_pio2.o)
 .rodata.two_over_pi
                0x0800a704      0x108 C:/ST/STM32CubeIDE_1.16.0/STM32CubeIDE/plugins/com.st.stm32cube.ide.mcu.externaltools.gnu-tools-for-stm32.12.3.rel1.win32_1.0.200.202406191623/tools/bin/../lib/gcc/arm-none-eabi/12.3.1/../../../../arm-none-eabi/lib/thumb/v7e-m+fp/hard\libm.a(libm_a-e_rem_pio2.o)
 *fill*         0x0800a80c        0x4 
 .rodata.PIo2   0x0800a810       0x40 C:/ST/STM32CubeIDE_1.16.0/STM32CubeIDE/plugins/com.st.stm32cube.ide.mcu.externaltools.gnu-tools-for-stm32.12.3.rel1.win32_1.0.200.202406191623/tools/bin/../lib/gcc/arm-none-eabi/12.3.1/../../../../arm-none-eabi/lib/thumb/v7e-m+fp/hard\libm.a(libm_a-k_rem_pio2.o)
 .rodata.init_jk
                0x0800a850       0x10 C:/ST/STM32CubeIDE_1.16.0/STM32CubeIDE/plugins/com.st.stm32cube.ide.mcu.externaltools.gnu-tools-for-stm32.12.3.rel1.win32_1.0.200.202406191623/tools/bin/../lib/gcc/arm-none-eabi/12.3.1/../../../../arm-none-eabi/lib/thumb/v7e-m+fp/hard\libm.a(libm_a-k_rem_pio2.o)
                0x0800a860                        . = ALIGN (0x4)

.ARM.extab      0x0800a860        0x0
                0x0800a860                        . = ALIGN (0x4)
 *(.ARM.extab* .gnu.linkonce.armextab.*)
                0x0800a860                        . = ALIGN (0x4)

.ARM            0x0800a860        0x8
                0x0800a860                        . = ALIGN (0x4)
                0x0800a860                        __exidx_start = .
 *(.ARM.exidx*)
 .ARM.exidx     0x0800a860        0x8 C:/ST/STM32CubeIDE_1.16.0/STM32CubeIDE/plugins/com.st.stm32cube.ide.mcu.externaltools.gnu-tools-for-stm32.12.3.rel1.win32_1.0.200.202406191623/tools/bin/../lib/gcc/arm-none-eabi/12.3.1/../../../../arm-none-eabi/lib/thumb/v7e-m+fp/hard\libc_nano.a(libc_a-strlen.o)
 .ARM.exidx     0x0800a868        0x0 C:/ST/STM32CubeIDE_1.16.0/STM32CubeIDE/plugins/com.st.stm32cube.ide.mcu.externaltools.gnu-tools-for-stm32.12.3.rel1.win32_1.0.200.202406191623/tools/bin/../lib/gcc/arm-none-eabi/12.3.1/thumb/v7e-m+fp/hard\libgcc.a(_udivmoddi4.o)
                                  0x8 (size before relaxing)
                0x0800a868                        __exidx_end = .
                0x0800a868                        . = ALIGN (0x4)

.preinit_array  0x0800a868        0x0
                0x0800a868                        . = ALIGN (0x4)
                0x0800a868                        PROVIDE (__preinit_array_start = .)
 *(.preinit_array*)
                0x0800a868                        PROVIDE (__preinit_array_end = .)
                0x0800a868                        . = ALIGN (0x4)

.init_array     0x0800a868        0x4
                0x0800a868                        . = ALIGN (0x4)
                0x0800a868                        PROVIDE (__init_array_start = .)
 *(SORT_BY_NAME(.init_array.*))
 *(.init_array*)
 .init_array    0x0800a868        0x4 C:/ST/STM32CubeIDE_1.16.0/STM32CubeIDE/plugins/com.st.stm32cube.ide.mcu.externaltools.gnu-tools-for-stm32.12.3.rel1.win32_1.0.200.202406191623/tools/bin/../lib/gcc/arm-none-eabi/12.3.1/thumb/v7e-m+fp/hard/crtbegin.o
                0x0800a86c                        PROVIDE (__init_array_end = .)
                0x0800a86c                        . = ALIGN (0x4)

.fini_array     0x0800a86c        0x4
                0x0800a86c                        . = ALIGN (0x4)
                [!provide]                        PROVIDE (__fini_array_start = .)
 *(SORT_BY_NAME(.fini_array.*))
 *(.fini_array*)
 .fini_array    0x0800a86c        0x4 C:/ST/STM32CubeIDE_1.16.0/STM32CubeIDE/plugins/com.st.stm32cube.ide.mcu.externaltools.gnu-tools-for-stm32.12.3.rel1.win32_1.0.200.202406191623/tools/bin/../lib/gcc/arm-none-eabi/12.3.1/thumb/v7e-m+fp/hard/crtbegin.o
                [!provide]                        PROVIDE (__fini_array_end = .)
                0x0800a870                        . = ALIGN (0x4)
                0x0800a870                        _sidata = LOADADDR (.data)

.rel.dyn        0x0800a870        0x0
 .rel.iplt      0x0800a870        0x0 C:/ST/STM32CubeIDE_1.16.0/STM32CubeIDE/plugins/com.st.stm32cube.ide.mcu.externaltools.gnu-tools-for-stm32.12.3.rel1.win32_1.0.200.202406191623/tools/bin/../lib/gcc/arm-none-eabi/12.3.1/thumb/v7e-m+fp/hard/crtbegin.o

.data           0x20000000       0x1c load address 0x0800a870
                0x20000000                        . = ALIGN (0x4)
                0x20000000                        _sdata = .
 *(.data)
 *(.data*)
 .data.Font_11x18
                0x20000000        0x8 ./Core/Src/fonts.o
                0x20000000                Font_11x18
 .data.Font_16x26
                0x20000008        0x8 ./Core/Src/fonts.o
                0x20000008                Font_16x26
 .data.SystemCoreClock
                0x20000010        0x4 ./Core/Src/system_stm32f4xx.o
                0x20000010                SystemCoreClock
 .data.uwTickPrio
                0x20000014        0x4 ./Drivers/STM32F4xx_HAL_Driver/Src/stm32f4xx_hal.o
                0x20000014                uwTickPrio
 .data.uwTickFreq
                0x20000018        0x1 ./Drivers/STM32F4xx_HAL_Driver/Src/stm32f4xx_hal.o
                0x20000018                uwTickFreq
 *(.RamFunc)
 *(.RamFunc*)
                0x2000001c                        . = ALIGN (0x4)
 *fill*         0x20000019        0x3 
                0x2000001c                        _edata = .

.igot.plt       0x2000001c        0x0 load address 0x0800a88c
 .igot.plt      0x2000001c        0x0 C:/ST/STM32CubeIDE_1.16.0/STM32CubeIDE/plugins/com.st.stm32cube.ide.mcu.externaltools.gnu-tools-for-stm32.12.3.rel1.win32_1.0.200.202406191623/tools/bin/../lib/gcc/arm-none-eabi/12.3.1/thumb/v7e-m+fp/hard/crtbegin.o
                0x2000001c                        . = ALIGN (0x4)

.bss            0x2000001c      0x164 load address 0x0800a88c
                0x2000001c                        _sbss = .
                0x2000001c                        __bss_start__ = _sbss
 *(.bss)
 .bss           0x2000001c       0x1c C:/ST/STM32CubeIDE_1.16.0/STM32CubeIDE/plugins/com.st.stm32cube.ide.mcu.externaltools.gnu-tools-for-stm32.12.3.rel1.win32_1.0.200.202406191623/tools/bin/../lib/gcc/arm-none-eabi/12.3.1/thumb/v7e-m+fp/hard/crtbegin.o
 *(.bss*)
 .bss.GC9A01_X_Start
                0x20000038        0x2 ./Core/Src/GC9A01.o
                0x20000038                GC9A01_X_Start
 .bss.GC9A01_Y_Start
                0x2000003a        0x2 ./Core/Src/GC9A01.o
                0x2000003a                GC9A01_Y_Start
 .bss.GC9A01_Width
                0x2000003c        0x2 ./Core/Src/GC9A01.o
                0x2000003c                GC9A01_Width
 .bss.GC9A01_Height
                0x2000003e        0x2 ./Core/Src/GC9A01.o
                0x2000003e                GC9A01_Height
 .bss.hh        0x20000040        0x1 ./Core/Src/main.o
                0x20000040                hh
 .bss.mm        0x20000041        0x1 ./Core/Src/main.o
                0x20000041                mm
 .bss.ss        0x20000042        0x1 ./Core/Src/main.o
                0x20000042                ss
 *fill*         0x20000043        0x1 
 .bss.hrtc      0x20000044       0x20 ./Core/Src/main.o
                0x20000044                hrtc
 .bss.hspi1     0x20000064       0x58 ./Core/Src/main.o
                0x20000064                hspi1
 .bss.hdma_spi1_rx
                0x200000bc       0x60 ./Core/Src/main.o
                0x200000bc                hdma_spi1_rx
 .bss.hdma_spi1_tx
                0x2000011c       0x60 ./Core/Src/main.o
                0x2000011c                hdma_spi1_tx
 .bss.uwTick    0x2000017c        0x4 ./Drivers/STM32F4xx_HAL_Driver/Src/stm32f4xx_hal.o
                0x2000017c                uwTick
 *(COMMON)
                0x20000180                        . = ALIGN (0x4)
                0x20000180                        _ebss = .
                0x20000180                        __bss_end__ = _ebss

._user_heap_stack
                0x20000180      0x600 load address 0x0800a88c
                0x20000180                        . = ALIGN (0x8)
                [!provide]                        PROVIDE (end = .)
                0x20000180                        PROVIDE (_end = .)
                0x20000380                        . = (. + _Min_Heap_Size)
 *fill*         0x20000180      0x200 
                0x20000780                        . = (. + _Min_Stack_Size)
 *fill*         0x20000380      0x400 
                0x20000780                        . = ALIGN (0x8)

/DISCARD/
 libc.a(*)
 libm.a(*)
 libgcc.a(*)

.ARM.attributes
                0x00000000       0x30
 *(.ARM.attributes)
 .ARM.attributes
                0x00000000       0x22 C:/ST/STM32CubeIDE_1.16.0/STM32CubeIDE/plugins/com.st.stm32cube.ide.mcu.externaltools.gnu-tools-for-stm32.12.3.rel1.win32_1.0.200.202406191623/tools/bin/../lib/gcc/arm-none-eabi/12.3.1/thumb/v7e-m+fp/hard/crti.o
 .ARM.attributes
                0x00000022       0x34 C:/ST/STM32CubeIDE_1.16.0/STM32CubeIDE/plugins/com.st.stm32cube.ide.mcu.externaltools.gnu-tools-for-stm32.12.3.rel1.win32_1.0.200.202406191623/tools/bin/../lib/gcc/arm-none-eabi/12.3.1/thumb/v7e-m+fp/hard/crtbegin.o
 .ARM.attributes
                0x00000056       0x34 ./Core/Src/GC9A01.o
 .ARM.attributes
                0x0000008a       0x34 ./Core/Src/fonts.o
 .ARM.attributes
                0x000000be       0x34 ./Core/Src/main.o
 .ARM.attributes
                0x000000f2       0x34 ./Core/Src/stm32f4xx_hal_msp.o
 .ARM.attributes
                0x00000126       0x34 ./Core/Src/stm32f4xx_it.o
 .ARM.attributes
                0x0000015a       0x34 ./Core/Src/system_stm32f4xx.o
 .ARM.attributes
                0x0000018e       0x21 ./Core/Startup/startup_stm32f401retx.o
 .ARM.attributes
                0x000001af       0x34 ./Drivers/STM32F4xx_HAL_Driver/Src/stm32f4xx_hal.o
 .ARM.attributes
                0x000001e3       0x34 ./Drivers/STM32F4xx_HAL_Driver/Src/stm32f4xx_hal_cortex.o
 .ARM.attributes
                0x00000217       0x34 ./Drivers/STM32F4xx_HAL_Driver/Src/stm32f4xx_hal_dma.o
 .ARM.attributes
                0x0000024b       0x34 ./Drivers/STM32F4xx_HAL_Driver/Src/stm32f4xx_hal_gpio.o
 .ARM.attributes
                0x0000027f       0x34 ./Drivers/STM32F4xx_HAL_Driver/Src/stm32f4xx_hal_rcc.o
 .ARM.attributes
                0x000002b3       0x34 ./Drivers/STM32F4xx_HAL_Driver/Src/stm32f4xx_hal_rcc_ex.o
 .ARM.attributes
                0x000002e7       0x34 ./Drivers/STM32F4xx_HAL_Driver/Src/stm32f4xx_hal_rtc.o
 .ARM.attributes
                0x0000031b       0x34 ./Drivers/STM32F4xx_HAL_Driver/Src/stm32f4xx_hal_spi.o
 .ARM.attributes
                0x0000034f       0x34 C:/ST/STM32CubeIDE_1.16.0/STM32CubeIDE/plugins/com.st.stm32cube.ide.mcu.externaltools.gnu-tools-for-stm32.12.3.rel1.win32_1.0.200.202406191623/tools/bin/../lib/gcc/arm-none-eabi/12.3.1/../../../../arm-none-eabi/lib/thumb/v7e-m+fp/hard\libc_nano.a(libc_a-memset.o)
 .ARM.attributes
                0x00000383       0x34 C:/ST/STM32CubeIDE_1.16.0/STM32CubeIDE/plugins/com.st.stm32cube.ide.mcu.externaltools.gnu-tools-for-stm32.12.3.rel1.win32_1.0.200.202406191623/tools/bin/../lib/gcc/arm-none-eabi/12.3.1/../../../../arm-none-eabi/lib/thumb/v7e-m+fp/hard\libc_nano.a(libc_a-init.o)
 .ARM.attributes
                0x000003b7       0x17 C:/ST/STM32CubeIDE_1.16.0/STM32CubeIDE/plugins/com.st.stm32cube.ide.mcu.externaltools.gnu-tools-for-stm32.12.3.rel1.win32_1.0.200.202406191623/tools/bin/../lib/gcc/arm-none-eabi/12.3.1/../../../../arm-none-eabi/lib/thumb/v7e-m+fp/hard\libc_nano.a(libc_a-strlen.o)
 .ARM.attributes
                0x000003ce       0x34 C:/ST/STM32CubeIDE_1.16.0/STM32CubeIDE/plugins/com.st.stm32cube.ide.mcu.externaltools.gnu-tools-for-stm32.12.3.rel1.win32_1.0.200.202406191623/tools/bin/../lib/gcc/arm-none-eabi/12.3.1/../../../../arm-none-eabi/lib/thumb/v7e-m+fp/hard\libm.a(libm_a-s_cos.o)
 .ARM.attributes
                0x00000402       0x34 C:/ST/STM32CubeIDE_1.16.0/STM32CubeIDE/plugins/com.st.stm32cube.ide.mcu.externaltools.gnu-tools-for-stm32.12.3.rel1.win32_1.0.200.202406191623/tools/bin/../lib/gcc/arm-none-eabi/12.3.1/../../../../arm-none-eabi/lib/thumb/v7e-m+fp/hard\libm.a(libm_a-s_sin.o)
 .ARM.attributes
                0x00000436       0x34 C:/ST/STM32CubeIDE_1.16.0/STM32CubeIDE/plugins/com.st.stm32cube.ide.mcu.externaltools.gnu-tools-for-stm32.12.3.rel1.win32_1.0.200.202406191623/tools/bin/../lib/gcc/arm-none-eabi/12.3.1/../../../../arm-none-eabi/lib/thumb/v7e-m+fp/hard\libm.a(libm_a-k_cos.o)
 .ARM.attributes
                0x0000046a       0x34 C:/ST/STM32CubeIDE_1.16.0/STM32CubeIDE/plugins/com.st.stm32cube.ide.mcu.externaltools.gnu-tools-for-stm32.12.3.rel1.win32_1.0.200.202406191623/tools/bin/../lib/gcc/arm-none-eabi/12.3.1/../../../../arm-none-eabi/lib/thumb/v7e-m+fp/hard\libm.a(libm_a-k_sin.o)
 .ARM.attributes
                0x0000049e       0x34 C:/ST/STM32CubeIDE_1.16.0/STM32CubeIDE/plugins/com.st.stm32cube.ide.mcu.externaltools.gnu-tools-for-stm32.12.3.rel1.win32_1.0.200.202406191623/tools/bin/../lib/gcc/arm-none-eabi/12.3.1/../../../../arm-none-eabi/lib/thumb/v7e-m+fp/hard\libm.a(libm_a-e_rem_pio2.o)
 .ARM.attributes
                0x000004d2       0x34 C:/ST/STM32CubeIDE_1.16.0/STM32CubeIDE/plugins/com.st.stm32cube.ide.mcu.externaltools.gnu-tools-for-stm32.12.3.rel1.win32_1.0.200.202406191623/tools/bin/../lib/gcc/arm-none-eabi/12.3.1/../../../../arm-none-eabi/lib/thumb/v7e-m+fp/hard\libm.a(libm_a-s_fabs.o)
 .ARM.attributes
                0x00000506       0x34 C:/ST/STM32CubeIDE_1.16.0/STM32CubeIDE/plugins/com.st.stm32cube.ide.mcu.externaltools.gnu-tools-for-stm32.12.3.rel1.win32_1.0.200.202406191623/tools/bin/../lib/gcc/arm-none-eabi/12.3.1/../../../../arm-none-eabi/lib/thumb/v7e-m+fp/hard\libm.a(libm_a-k_rem_pio2.o)
 .ARM.attributes
                0x0000053a       0x34 C:/ST/STM32CubeIDE_1.16.0/STM32CubeIDE/plugins/com.st.stm32cube.ide.mcu.externaltools.gnu-tools-for-stm32.12.3.rel1.win32_1.0.200.202406191623/tools/bin/../lib/gcc/arm-none-eabi/12.3.1/../../../../arm-none-eabi/lib/thumb/v7e-m+fp/hard\libm.a(libm_a-s_scalbn.o)
 .ARM.attributes
                0x0000056e       0x34 C:/ST/STM32CubeIDE_1.16.0/STM32CubeIDE/plugins/com.st.stm32cube.ide.mcu.externaltools.gnu-tools-for-stm32.12.3.rel1.win32_1.0.200.202406191623/tools/bin/../lib/gcc/arm-none-eabi/12.3.1/../../../../arm-none-eabi/lib/thumb/v7e-m+fp/hard\libm.a(libm_a-s_floor.o)
 .ARM.attributes
                0x000005a2       0x22 C:/ST/STM32CubeIDE_1.16.0/STM32CubeIDE/plugins/com.st.stm32cube.ide.mcu.externaltools.gnu-tools-for-stm32.12.3.rel1.win32_1.0.200.202406191623/tools/bin/../lib/gcc/arm-none-eabi/12.3.1/thumb/v7e-m+fp/hard\libgcc.a(_arm_addsubdf3.o)
 .ARM.attributes
                0x000005c4       0x22 C:/ST/STM32CubeIDE_1.16.0/STM32CubeIDE/plugins/com.st.stm32cube.ide.mcu.externaltools.gnu-tools-for-stm32.12.3.rel1.win32_1.0.200.202406191623/tools/bin/../lib/gcc/arm-none-eabi/12.3.1/thumb/v7e-m+fp/hard\libgcc.a(_arm_muldivdf3.o)
 .ARM.attributes
                0x000005e6       0x22 C:/ST/STM32CubeIDE_1.16.0/STM32CubeIDE/plugins/com.st.stm32cube.ide.mcu.externaltools.gnu-tools-for-stm32.12.3.rel1.win32_1.0.200.202406191623/tools/bin/../lib/gcc/arm-none-eabi/12.3.1/thumb/v7e-m+fp/hard\libgcc.a(_arm_cmpdf2.o)
 .ARM.attributes
                0x00000608       0x22 C:/ST/STM32CubeIDE_1.16.0/STM32CubeIDE/plugins/com.st.stm32cube.ide.mcu.externaltools.gnu-tools-for-stm32.12.3.rel1.win32_1.0.200.202406191623/tools/bin/../lib/gcc/arm-none-eabi/12.3.1/thumb/v7e-m+fp/hard\libgcc.a(_arm_fixdfsi.o)
 .ARM.attributes
                0x0000062a       0x22 C:/ST/STM32CubeIDE_1.16.0/STM32CubeIDE/plugins/com.st.stm32cube.ide.mcu.externaltools.gnu-tools-for-stm32.12.3.rel1.win32_1.0.200.202406191623/tools/bin/../lib/gcc/arm-none-eabi/12.3.1/thumb/v7e-m+fp/hard\libgcc.a(_arm_truncdfsf2.o)
 .ARM.attributes
                0x0000064c       0x22 C:/ST/STM32CubeIDE_1.16.0/STM32CubeIDE/plugins/com.st.stm32cube.ide.mcu.externaltools.gnu-tools-for-stm32.12.3.rel1.win32_1.0.200.202406191623/tools/bin/../lib/gcc/arm-none-eabi/12.3.1/thumb/v7e-m+fp/hard\libgcc.a(_aeabi_uldivmod.o)
 .ARM.attributes
                0x0000066e       0x34 C:/ST/STM32CubeIDE_1.16.0/STM32CubeIDE/plugins/com.st.stm32cube.ide.mcu.externaltools.gnu-tools-for-stm32.12.3.rel1.win32_1.0.200.202406191623/tools/bin/../lib/gcc/arm-none-eabi/12.3.1/thumb/v7e-m+fp/hard\libgcc.a(_udivmoddi4.o)
 .ARM.attributes
                0x000006a2       0x22 C:/ST/STM32CubeIDE_1.16.0/STM32CubeIDE/plugins/com.st.stm32cube.ide.mcu.externaltools.gnu-tools-for-stm32.12.3.rel1.win32_1.0.200.202406191623/tools/bin/../lib/gcc/arm-none-eabi/12.3.1/thumb/v7e-m+fp/hard\libgcc.a(_dvmd_tls.o)
 .ARM.attributes
                0x000006c4       0x22 C:/ST/STM32CubeIDE_1.16.0/STM32CubeIDE/plugins/com.st.stm32cube.ide.mcu.externaltools.gnu-tools-for-stm32.12.3.rel1.win32_1.0.200.202406191623/tools/bin/../lib/gcc/arm-none-eabi/12.3.1/thumb/v7e-m+fp/hard/crtn.o
OUTPUT(lcd_gc9a01.elf elf32-littlearm)
LOAD linker stubs
LOAD C:/ST/STM32CubeIDE_1.16.0/STM32CubeIDE/plugins/com.st.stm32cube.ide.mcu.externaltools.gnu-tools-for-stm32.12.3.rel1.win32_1.0.200.202406191623/tools/bin/../lib/gcc/arm-none-eabi/12.3.1/../../../../arm-none-eabi/lib/thumb/v7e-m+fp/hard\libc.a
LOAD C:/ST/STM32CubeIDE_1.16.0/STM32CubeIDE/plugins/com.st.stm32cube.ide.mcu.externaltools.gnu-tools-for-stm32.12.3.rel1.win32_1.0.200.202406191623/tools/bin/../lib/gcc/arm-none-eabi/12.3.1/../../../../arm-none-eabi/lib/thumb/v7e-m+fp/hard\libm.a
LOAD C:/ST/STM32CubeIDE_1.16.0/STM32CubeIDE/plugins/com.st.stm32cube.ide.mcu.externaltools.gnu-tools-for-stm32.12.3.rel1.win32_1.0.200.202406191623/tools/bin/../lib/gcc/arm-none-eabi/12.3.1/thumb/v7e-m+fp/hard\libgcc.a

.debug_info     0x00000000     0xa28e
 .debug_info    0x00000000     0x19fc ./Core/Src/GC9A01.o
 .debug_info    0x000019fc      0x2d2 ./Core/Src/fonts.o
 .debug_info    0x00001cce     0x1829 ./Core/Src/main.o
 .debug_info    0x000034f7      0xe47 ./Core/Src/stm32f4xx_hal_msp.o
 .debug_info    0x0000433e      0x3d7 ./Core/Src/stm32f4xx_it.o
 .debug_info    0x00004715      0x53e ./Core/Src/system_stm32f4xx.o
 .debug_info    0x00004c53       0x30 ./Core/Startup/startup_stm32f401retx.o
 .debug_info    0x00004c83      0x8bb ./Drivers/STM32F4xx_HAL_Driver/Src/stm32f4xx_hal.o
 .debug_info    0x0000553e      0xcc1 ./Drivers/STM32F4xx_HAL_Driver/Src/stm32f4xx_hal_cortex.o
 .debug_info    0x000061ff      0x8e6 ./Drivers/STM32F4xx_HAL_Driver/Src/stm32f4xx_hal_dma.o
 .debug_info    0x00006ae5      0x6f9 ./Drivers/STM32F4xx_HAL_Driver/Src/stm32f4xx_hal_gpio.o
 .debug_info    0x000071de      0x8f3 ./Drivers/STM32F4xx_HAL_Driver/Src/stm32f4xx_hal_rcc.o
 .debug_info    0x00007ad1      0x574 ./Drivers/STM32F4xx_HAL_Driver/Src/stm32f4xx_hal_rcc_ex.o
 .debug_info    0x00008045      0xc43 ./Drivers/STM32F4xx_HAL_Driver/Src/stm32f4xx_hal_rtc.o
 .debug_info    0x00008c88     0x1606 ./Drivers/STM32F4xx_HAL_Driver/Src/stm32f4xx_hal_spi.o

.debug_abbrev   0x00000000     0x1e2a
 .debug_abbrev  0x00000000      0x2e2 ./Core/Src/GC9A01.o
 .debug_abbrev  0x000002e2      0x131 ./Core/Src/fonts.o
 .debug_abbrev  0x00000413      0x35e ./Core/Src/main.o
 .debug_abbrev  0x00000771      0x1fb ./Core/Src/stm32f4xx_hal_msp.o
 .debug_abbrev  0x0000096c      0x13a ./Core/Src/stm32f4xx_it.o
 .debug_abbrev  0x00000aa6      0x11a ./Core/Src/system_stm32f4xx.o
 .debug_abbrev  0x00000bc0       0x24 ./Core/Startup/startup_stm32f401retx.o
 .debug_abbrev  0x00000be4      0x24b ./Drivers/STM32F4xx_HAL_Driver/Src/stm32f4xx_hal.o
 .debug_abbrev  0x00000e2f      0x328 ./Drivers/STM32F4xx_HAL_Driver/Src/stm32f4xx_hal_cortex.o
 .debug_abbrev  0x00001157      0x221 ./Drivers/STM32F4xx_HAL_Driver/Src/stm32f4xx_hal_dma.o
 .debug_abbrev  0x00001378      0x1d3 ./Drivers/STM32F4xx_HAL_Driver/Src/stm32f4xx_hal_gpio.o
 .debug_abbrev  0x0000154b      0x2b5 ./Drivers/STM32F4xx_HAL_Driver/Src/stm32f4xx_hal_rcc.o
 .debug_abbrev  0x00001800      0x1af ./Drivers/STM32F4xx_HAL_Driver/Src/stm32f4xx_hal_rcc_ex.o
 .debug_abbrev  0x000019af      0x1fb ./Drivers/STM32F4xx_HAL_Driver/Src/stm32f4xx_hal_rtc.o
 .debug_abbrev  0x00001baa      0x280 ./Drivers/STM32F4xx_HAL_Driver/Src/stm32f4xx_hal_spi.o

.debug_aranges  0x00000000      0x990
 .debug_aranges
                0x00000000      0x190 ./Core/Src/GC9A01.o
 .debug_aranges
                0x00000190       0x20 ./Core/Src/fonts.o
 .debug_aranges
                0x000001b0       0x60 ./Core/Src/main.o
 .debug_aranges
                0x00000210       0x40 ./Core/Src/stm32f4xx_hal_msp.o
 .debug_aranges
                0x00000250       0x70 ./Core/Src/stm32f4xx_it.o
 .debug_aranges
                0x000002c0       0x28 ./Core/Src/system_stm32f4xx.o
 .debug_aranges
                0x000002e8       0x28 ./Core/Startup/startup_stm32f401retx.o
 .debug_aranges
                0x00000310       0xf0 ./Drivers/STM32F4xx_HAL_Driver/Src/stm32f4xx_hal.o
 .debug_aranges
                0x00000400      0x120 ./Drivers/STM32F4xx_HAL_Driver/Src/stm32f4xx_hal_cortex.o
 .debug_aranges
                0x00000520       0x90 ./Drivers/STM32F4xx_HAL_Driver/Src/stm32f4xx_hal_dma.o
 .debug_aranges
                0x000005b0       0x58 ./Drivers/STM32F4xx_HAL_Driver/Src/stm32f4xx_hal_gpio.o
 .debug_aranges
                0x00000608       0x88 ./Drivers/STM32F4xx_HAL_Driver/Src/stm32f4xx_hal_rcc.o
 .debug_aranges
                0x00000690       0x48 ./Drivers/STM32F4xx_HAL_Driver/Src/stm32f4xx_hal_rcc_ex.o
 .debug_aranges
                0x000006d8       0xe8 ./Drivers/STM32F4xx_HAL_Driver/Src/stm32f4xx_hal_rtc.o
 .debug_aranges
                0x000007c0      0x1d0 ./Drivers/STM32F4xx_HAL_Driver/Src/stm32f4xx_hal_spi.o

.debug_rnglists
                0x00000000      0x739
 .debug_rnglists
                0x00000000      0x13f ./Core/Src/GC9A01.o
 .debug_rnglists
                0x0000013f       0x13 ./Core/Src/fonts.o
 .debug_rnglists
                0x00000152       0x49 ./Core/Src/main.o
 .debug_rnglists
                0x0000019b       0x2c ./Core/Src/stm32f4xx_hal_msp.o
 .debug_rnglists
                0x000001c7       0x4f ./Core/Src/stm32f4xx_it.o
 .debug_rnglists
                0x00000216       0x1a ./Core/Src/system_stm32f4xx.o
 .debug_rnglists
                0x00000230       0x19 ./Core/Startup/startup_stm32f401retx.o
 .debug_rnglists
                0x00000249       0xaf ./Drivers/STM32F4xx_HAL_Driver/Src/stm32f4xx_hal.o
 .debug_rnglists
                0x000002f8       0xd4 ./Drivers/STM32F4xx_HAL_Driver/Src/stm32f4xx_hal_cortex.o
 .debug_rnglists
                0x000003cc       0x70 ./Drivers/STM32F4xx_HAL_Driver/Src/stm32f4xx_hal_dma.o
 .debug_rnglists
                0x0000043c       0x3f ./Drivers/STM32F4xx_HAL_Driver/Src/stm32f4xx_hal_gpio.o
 .debug_rnglists
                0x0000047b       0x66 ./Drivers/STM32F4xx_HAL_Driver/Src/stm32f4xx_hal_rcc.o
 .debug_rnglists
                0x000004e1       0x35 ./Drivers/STM32F4xx_HAL_Driver/Src/stm32f4xx_hal_rcc_ex.o
 .debug_rnglists
                0x00000516       0xb4 ./Drivers/STM32F4xx_HAL_Driver/Src/stm32f4xx_hal_rtc.o
 .debug_rnglists
                0x000005ca      0x16f ./Drivers/STM32F4xx_HAL_Driver/Src/stm32f4xx_hal_spi.o

.debug_macro    0x00000000    0x16a0d
 .debug_macro   0x00000000      0x333 ./Core/Src/GC9A01.o
 .debug_macro   0x00000333      0xab4 ./Core/Src/GC9A01.o
 .debug_macro   0x00000de7      0x29b ./Core/Src/GC9A01.o
 .debug_macro   0x00001082       0x2e ./Core/Src/GC9A01.o
 .debug_macro   0x000010b0       0x28 ./Core/Src/GC9A01.o
 .debug_macro   0x000010d8       0x22 ./Core/Src/GC9A01.o
 .debug_macro   0x000010fa       0x8e ./Core/Src/GC9A01.o
 .debug_macro   0x00001188       0x51 ./Core/Src/GC9A01.o
 .debug_macro   0x000011d9      0x103 ./Core/Src/GC9A01.o
 .debug_macro   0x000012dc       0x6a ./Core/Src/GC9A01.o
 .debug_macro   0x00001346      0x1df ./Core/Src/GC9A01.o
 .debug_macro   0x00001525       0x1c ./Core/Src/GC9A01.o
 .debug_macro   0x00001541       0x22 ./Core/Src/GC9A01.o
 .debug_macro   0x00001563       0xfb ./Core/Src/GC9A01.o
 .debug_macro   0x0000165e     0x1011 ./Core/Src/GC9A01.o
 .debug_macro   0x0000266f      0x11f ./Core/Src/GC9A01.o
 .debug_macro   0x0000278e     0xb86c ./Core/Src/GC9A01.o
 .debug_macro   0x0000dffa       0x6d ./Core/Src/GC9A01.o
 .debug_macro   0x0000e067     0x368c ./Core/Src/GC9A01.o
 .debug_macro   0x000116f3      0x189 ./Core/Src/GC9A01.o
 .debug_macro   0x0001187c       0x5c ./Core/Src/GC9A01.o
 .debug_macro   0x000118d8      0x416 ./Core/Src/GC9A01.o
 .debug_macro   0x00011cee      0x9e9 ./Core/Src/GC9A01.o
 .debug_macro   0x000126d7      0x115 ./Core/Src/GC9A01.o
 .debug_macro   0x000127ec       0xf8 ./Core/Src/GC9A01.o
 .debug_macro   0x000128e4       0xa5 ./Core/Src/GC9A01.o
 .debug_macro   0x00012989      0x15f ./Core/Src/GC9A01.o
 .debug_macro   0x00012ae8      0x287 ./Core/Src/GC9A01.o
 .debug_macro   0x00012d6f       0x5f ./Core/Src/GC9A01.o
 .debug_macro   0x00012dce      0x236 ./Core/Src/GC9A01.o
 .debug_macro   0x00013004      0x132 ./Core/Src/GC9A01.o
 .debug_macro   0x00013136      0x264 ./Core/Src/GC9A01.o
 .debug_macro   0x0001339a       0x2e ./Core/Src/GC9A01.o
 .debug_macro   0x000133c8      0x127 ./Core/Src/GC9A01.o
 .debug_macro   0x000134ef       0x85 ./Core/Src/GC9A01.o
 .debug_macro   0x00013574       0x89 ./Core/Src/GC9A01.o
 .debug_macro   0x000135fd      0x305 ./Core/Src/GC9A01.o
 .debug_macro   0x00013902      0x429 ./Core/Src/GC9A01.o
 .debug_macro   0x00013d2b       0xeb ./Core/Src/GC9A01.o
 .debug_macro   0x00013e16      0x225 ./Core/Src/GC9A01.o
 .debug_macro   0x0001403b      0x126 ./Core/Src/GC9A01.o
 .debug_macro   0x00014161       0x28 ./Core/Src/GC9A01.o
 .debug_macro   0x00014189       0x28 ./Core/Src/GC9A01.o
 .debug_macro   0x000141b1       0x61 ./Core/Src/GC9A01.o
 .debug_macro   0x00014212       0x2a ./Core/Src/GC9A01.o
 .debug_macro   0x0001423c       0x43 ./Core/Src/GC9A01.o
 .debug_macro   0x0001427f       0x34 ./Core/Src/GC9A01.o
 .debug_macro   0x000142b3       0x16 ./Core/Src/GC9A01.o
 .debug_macro   0x000142c9       0x43 ./Core/Src/GC9A01.o
 .debug_macro   0x0001430c       0x34 ./Core/Src/GC9A01.o
 .debug_macro   0x00014340       0x10 ./Core/Src/GC9A01.o
 .debug_macro   0x00014350       0x58 ./Core/Src/GC9A01.o
 .debug_macro   0x000143a8       0x8e ./Core/Src/GC9A01.o
 .debug_macro   0x00014436       0x1c ./Core/Src/GC9A01.o
 .debug_macro   0x00014452      0x177 ./Core/Src/GC9A01.o
 .debug_macro   0x000145c9      0x369 ./Core/Src/GC9A01.o
 .debug_macro   0x00014932       0x10 ./Core/Src/GC9A01.o
 .debug_macro   0x00014942       0x35 ./Core/Src/GC9A01.o
 .debug_macro   0x00014977       0x20 ./Core/Src/GC9A01.o
 .debug_macro   0x00014997       0x16 ./Core/Src/GC9A01.o
 .debug_macro   0x000149ad       0x16 ./Core/Src/GC9A01.o
 .debug_macro   0x000149c3       0x29 ./Core/Src/GC9A01.o
 .debug_macro   0x000149ec      0x19b ./Core/Src/GC9A01.o
 .debug_macro   0x00014b87      0x1b5 ./Core/Src/GC9A01.o
 .debug_macro   0x00014d3c      0x2ed ./Core/Src/fonts.o
 .debug_macro   0x00015029      0x367 ./Core/Src/main.o
 .debug_macro   0x00015390       0x1c ./Core/Src/main.o
 .debug_macro   0x000153ac       0x10 ./Core/Src/main.o
 .debug_macro   0x000153bc       0x1c ./Core/Src/main.o
 .debug_macro   0x000153d8       0x16 ./Core/Src/main.o
 .debug_macro   0x000153ee      0x146 ./Core/Src/main.o
 .debug_macro   0x00015534      0x1e2 ./Core/Src/stm32f4xx_hal_msp.o
 .debug_macro   0x00015716      0x1ec ./Core/Src/stm32f4xx_it.o
 .debug_macro   0x00015902      0x1d3 ./Core/Src/system_stm32f4xx.o
 .debug_macro   0x00015ad5      0x233 ./Drivers/STM32F4xx_HAL_Driver/Src/stm32f4xx_hal.o
 .debug_macro   0x00015d08      0x1d3 ./Drivers/STM32F4xx_HAL_Driver/Src/stm32f4xx_hal_cortex.o
 .debug_macro   0x00015edb      0x1d9 ./Drivers/STM32F4xx_HAL_Driver/Src/stm32f4xx_hal_dma.o
 .debug_macro   0x000160b4      0x1d9 ./Drivers/STM32F4xx_HAL_Driver/Src/stm32f4xx_hal_gpio.o
 .debug_macro   0x0001628d      0x1f7 ./Drivers/STM32F4xx_HAL_Driver/Src/stm32f4xx_hal_rcc.o
 .debug_macro   0x00016484      0x1d3 ./Drivers/STM32F4xx_HAL_Driver/Src/stm32f4xx_hal_rcc_ex.o
 .debug_macro   0x00016657      0x1d4 ./Drivers/STM32F4xx_HAL_Driver/Src/stm32f4xx_hal_rtc.o
 .debug_macro   0x0001682b      0x1e2 ./Drivers/STM32F4xx_HAL_Driver/Src/stm32f4xx_hal_spi.o

.debug_line     0x00000000     0xc2f5
 .debug_line    0x00000000     0x1b4d ./Core/Src/GC9A01.o
 .debug_line    0x00001b4d      0x8e5 ./Core/Src/fonts.o
 .debug_line    0x00002432      0xd24 ./Core/Src/main.o
 .debug_line    0x00003156      0x835 ./Core/Src/stm32f4xx_hal_msp.o
 .debug_line    0x0000398b      0x840 ./Core/Src/stm32f4xx_it.o
 .debug_line    0x000041cb      0x7d2 ./Core/Src/system_stm32f4xx.o
 .debug_line    0x0000499d       0x7a ./Core/Startup/startup_stm32f401retx.o
 .debug_line    0x00004a17      0xa3b ./Drivers/STM32F4xx_HAL_Driver/Src/stm32f4xx_hal.o
 .debug_line    0x00005452      0xd03 ./Drivers/STM32F4xx_HAL_Driver/Src/stm32f4xx_hal_cortex.o
 .debug_line    0x00006155      0xfab ./Drivers/STM32F4xx_HAL_Driver/Src/stm32f4xx_hal_dma.o
 .debug_line    0x00007100      0xb8b ./Drivers/STM32F4xx_HAL_Driver/Src/stm32f4xx_hal_gpio.o
 .debug_line    0x00007c8b      0xdac ./Drivers/STM32F4xx_HAL_Driver/Src/stm32f4xx_hal_rcc.o
 .debug_line    0x00008a37      0xa69 ./Drivers/STM32F4xx_HAL_Driver/Src/stm32f4xx_hal_rcc_ex.o
 .debug_line    0x000094a0     0x111f ./Drivers/STM32F4xx_HAL_Driver/Src/stm32f4xx_hal_rtc.o
 .debug_line    0x0000a5bf     0x1d36 ./Drivers/STM32F4xx_HAL_Driver/Src/stm32f4xx_hal_spi.o

.debug_str      0x00000000    0x8b7a8
 .debug_str     0x00000000    0x88b15 ./Core/Src/GC9A01.o
                              0x88ed0 (size before relaxing)
 .debug_str     0x00088b15       0xa1 ./Core/Src/fonts.o
                              0x8753d (size before relaxing)
 .debug_str     0x00088bb6     0x103e ./Core/Src/main.o
                              0x898ae (size before relaxing)
 .debug_str     0x00089bf4      0x146 ./Core/Src/stm32f4xx_hal_msp.o
                              0x84b26 (size before relaxing)
 .debug_str     0x00089d3a      0x10c ./Core/Src/stm32f4xx_it.o
                              0x8453d (size before relaxing)
 .debug_str     0x00089e46       0xdb ./Core/Src/system_stm32f4xx.o
                              0x84333 (size before relaxing)
 .debug_str     0x00089f21       0x44 ./Core/Startup/startup_stm32f401retx.o
                                 0x78 (size before relaxing)
 .debug_str     0x00089f65      0x603 ./Drivers/STM32F4xx_HAL_Driver/Src/stm32f4xx_hal.o
                              0x84d55 (size before relaxing)
 .debug_str     0x0008a568      0x349 ./Drivers/STM32F4xx_HAL_Driver/Src/stm32f4xx_hal_cortex.o
                              0x84a8d (size before relaxing)
 .debug_str     0x0008a8b1      0x2eb ./Drivers/STM32F4xx_HAL_Driver/Src/stm32f4xx_hal_dma.o
                              0x8473b (size before relaxing)
 .debug_str     0x0008ab9c      0x121 ./Drivers/STM32F4xx_HAL_Driver/Src/stm32f4xx_hal_gpio.o
                              0x844ae (size before relaxing)
 .debug_str     0x0008acbd      0x233 ./Drivers/STM32F4xx_HAL_Driver/Src/stm32f4xx_hal_rcc.o
                              0x84767 (size before relaxing)
 .debug_str     0x0008aef0       0xf9 ./Drivers/STM32F4xx_HAL_Driver/Src/stm32f4xx_hal_rcc_ex.o
                              0x84496 (size before relaxing)
 .debug_str     0x0008afe9      0x27e ./Drivers/STM32F4xx_HAL_Driver/Src/stm32f4xx_hal_rtc.o
                              0x84790 (size before relaxing)
 .debug_str     0x0008b267      0x541 ./Drivers/STM32F4xx_HAL_Driver/Src/stm32f4xx_hal_spi.o
                              0x84be5 (size before relaxing)

.comment        0x00000000       0x43
 .comment       0x00000000       0x43 ./Core/Src/GC9A01.o
                                 0x44 (size before relaxing)
 .comment       0x00000043       0x44 ./Core/Src/fonts.o
 .comment       0x00000043       0x44 ./Core/Src/main.o
 .comment       0x00000043       0x44 ./Core/Src/stm32f4xx_hal_msp.o
 .comment       0x00000043       0x44 ./Core/Src/stm32f4xx_it.o
 .comment       0x00000043       0x44 ./Core/Src/system_stm32f4xx.o
 .comment       0x00000043       0x44 ./Drivers/STM32F4xx_HAL_Driver/Src/stm32f4xx_hal.o
 .comment       0x00000043       0x44 ./Drivers/STM32F4xx_HAL_Driver/Src/stm32f4xx_hal_cortex.o
 .comment       0x00000043       0x44 ./Drivers/STM32F4xx_HAL_Driver/Src/stm32f4xx_hal_dma.o
 .comment       0x00000043       0x44 ./Drivers/STM32F4xx_HAL_Driver/Src/stm32f4xx_hal_gpio.o
 .comment       0x00000043       0x44 ./Drivers/STM32F4xx_HAL_Driver/Src/stm32f4xx_hal_rcc.o
 .comment       0x00000043       0x44 ./Drivers/STM32F4xx_HAL_Driver/Src/stm32f4xx_hal_rcc_ex.o
 .comment       0x00000043       0x44 ./Drivers/STM32F4xx_HAL_Driver/Src/stm32f4xx_hal_rtc.o
 .comment       0x00000043       0x44 ./Drivers/STM32F4xx_HAL_Driver/Src/stm32f4xx_hal_spi.o

.debug_frame    0x00000000     0x2a5c
 .debug_frame   0x00000000      0x6fc ./Core/Src/GC9A01.o
 .debug_frame   0x000006fc       0x38 ./Core/Src/fonts.o
 .debug_frame   0x00000734      0x150 ./Core/Src/main.o
 .debug_frame   0x00000884       0xcc ./Core/Src/stm32f4xx_hal_msp.o
 .debug_frame   0x00000950      0x13c ./Core/Src/stm32f4xx_it.o
 .debug_frame   0x00000a8c       0x58 ./Core/Src/system_stm32f4xx.o
 .debug_frame   0x00000ae4      0x374 ./Drivers/STM32F4xx_HAL_Driver/Src/stm32f4xx_hal.o
 .debug_frame   0x00000e58      0x4b8 ./Drivers/STM32F4xx_HAL_Driver/Src/stm32f4xx_hal_cortex.o
 .debug_frame   0x00001310      0x250 ./Drivers/STM32F4xx_HAL_Driver/Src/stm32f4xx_hal_dma.o
 .debug_frame   0x00001560      0x14c ./Drivers/STM32F4xx_HAL_Driver/Src/stm32f4xx_hal_gpio.o
 .debug_frame   0x000016ac      0x1f4 ./Drivers/STM32F4xx_HAL_Driver/Src/stm32f4xx_hal_rcc.o
 .debug_frame   0x000018a0       0xf0 ./Drivers/STM32F4xx_HAL_Driver/Src/stm32f4xx_hal_rcc_ex.o
 .debug_frame   0x00001990      0x3f4 ./Drivers/STM32F4xx_HAL_Driver/Src/stm32f4xx_hal_rtc.o
 .debug_frame   0x00001d84      0x828 ./Drivers/STM32F4xx_HAL_Driver/Src/stm32f4xx_hal_spi.o
 .debug_frame   0x000025ac       0x20 C:/ST/STM32CubeIDE_1.16.0/STM32CubeIDE/plugins/com.st.stm32cube.ide.mcu.externaltools.gnu-tools-for-stm32.12.3.rel1.win32_1.0.200.202406191623/tools/bin/../lib/gcc/arm-none-eabi/12.3.1/../../../../arm-none-eabi/lib/thumb/v7e-m+fp/hard\libc_nano.a(libc_a-memset.o)
 .debug_frame   0x000025cc       0x2c C:/ST/STM32CubeIDE_1.16.0/STM32CubeIDE/plugins/com.st.stm32cube.ide.mcu.externaltools.gnu-tools-for-stm32.12.3.rel1.win32_1.0.200.202406191623/tools/bin/../lib/gcc/arm-none-eabi/12.3.1/../../../../arm-none-eabi/lib/thumb/v7e-m+fp/hard\libc_nano.a(libc_a-init.o)
 .debug_frame   0x000025f8       0x38 C:/ST/STM32CubeIDE_1.16.0/STM32CubeIDE/plugins/com.st.stm32cube.ide.mcu.externaltools.gnu-tools-for-stm32.12.3.rel1.win32_1.0.200.202406191623/tools/bin/../lib/gcc/arm-none-eabi/12.3.1/../../../../arm-none-eabi/lib/thumb/v7e-m+fp/hard\libm.a(libm_a-s_cos.o)
 .debug_frame   0x00002630       0x38 C:/ST/STM32CubeIDE_1.16.0/STM32CubeIDE/plugins/com.st.stm32cube.ide.mcu.externaltools.gnu-tools-for-stm32.12.3.rel1.win32_1.0.200.202406191623/tools/bin/../lib/gcc/arm-none-eabi/12.3.1/../../../../arm-none-eabi/lib/thumb/v7e-m+fp/hard\libm.a(libm_a-s_sin.o)
 .debug_frame   0x00002668       0x3c C:/ST/STM32CubeIDE_1.16.0/STM32CubeIDE/plugins/com.st.stm32cube.ide.mcu.externaltools.gnu-tools-for-stm32.12.3.rel1.win32_1.0.200.202406191623/tools/bin/../lib/gcc/arm-none-eabi/12.3.1/../../../../arm-none-eabi/lib/thumb/v7e-m+fp/hard\libm.a(libm_a-k_cos.o)
 .debug_frame   0x000026a4       0x40 C:/ST/STM32CubeIDE_1.16.0/STM32CubeIDE/plugins/com.st.stm32cube.ide.mcu.externaltools.gnu-tools-for-stm32.12.3.rel1.win32_1.0.200.202406191623/tools/bin/../lib/gcc/arm-none-eabi/12.3.1/../../../../arm-none-eabi/lib/thumb/v7e-m+fp/hard\libm.a(libm_a-k_sin.o)
 .debug_frame   0x000026e4       0x40 C:/ST/STM32CubeIDE_1.16.0/STM32CubeIDE/plugins/com.st.stm32cube.ide.mcu.externaltools.gnu-tools-for-stm32.12.3.rel1.win32_1.0.200.202406191623/tools/bin/../lib/gcc/arm-none-eabi/12.3.1/../../../../arm-none-eabi/lib/thumb/v7e-m+fp/hard\libm.a(libm_a-e_rem_pio2.o)
 .debug_frame   0x00002724       0x20 C:/ST/STM32CubeIDE_1.16.0/STM32CubeIDE/plugins/com.st.stm32cube.ide.mcu.externaltools.gnu-tools-for-stm32.12.3.rel1.win32_1.0.200.202406191623/tools/bin/../lib/gcc/arm-none-eabi/12.3.1/../../../../arm-none-eabi/lib/thumb/v7e-m+fp/hard\libm.a(libm_a-s_fabs.o)
 .debug_frame   0x00002744       0x54 C:/ST/STM32CubeIDE_1.16.0/STM32CubeIDE/plugins/com.st.stm32cube.ide.mcu.externaltools.gnu-tools-for-stm32.12.3.rel1.win32_1.0.200.202406191623/tools/bin/../lib/gcc/arm-none-eabi/12.3.1/../../../../arm-none-eabi/lib/thumb/v7e-m+fp/hard\libm.a(libm_a-k_rem_pio2.o)
 .debug_frame   0x00002798       0x2c C:/ST/STM32CubeIDE_1.16.0/STM32CubeIDE/plugins/com.st.stm32cube.ide.mcu.externaltools.gnu-tools-for-stm32.12.3.rel1.win32_1.0.200.202406191623/tools/bin/../lib/gcc/arm-none-eabi/12.3.1/../../../../arm-none-eabi/lib/thumb/v7e-m+fp/hard\libm.a(libm_a-s_scalbn.o)
 .debug_frame   0x000027c4       0x30 C:/ST/STM32CubeIDE_1.16.0/STM32CubeIDE/plugins/com.st.stm32cube.ide.mcu.externaltools.gnu-tools-for-stm32.12.3.rel1.win32_1.0.200.202406191623/tools/bin/../lib/gcc/arm-none-eabi/12.3.1/../../../../arm-none-eabi/lib/thumb/v7e-m+fp/hard\libm.a(libm_a-s_floor.o)
 .debug_frame   0x000027f4       0xac C:/ST/STM32CubeIDE_1.16.0/STM32CubeIDE/plugins/com.st.stm32cube.ide.mcu.externaltools.gnu-tools-for-stm32.12.3.rel1.win32_1.0.200.202406191623/tools/bin/../lib/gcc/arm-none-eabi/12.3.1/thumb/v7e-m+fp/hard\libgcc.a(_arm_addsubdf3.o)
 .debug_frame   0x000028a0       0x50 C:/ST/STM32CubeIDE_1.16.0/STM32CubeIDE/plugins/com.st.stm32cube.ide.mcu.externaltools.gnu-tools-for-stm32.12.3.rel1.win32_1.0.200.202406191623/tools/bin/../lib/gcc/arm-none-eabi/12.3.1/thumb/v7e-m+fp/hard\libgcc.a(_arm_muldivdf3.o)
 .debug_frame   0x000028f0       0xc4 C:/ST/STM32CubeIDE_1.16.0/STM32CubeIDE/plugins/com.st.stm32cube.ide.mcu.externaltools.gnu-tools-for-stm32.12.3.rel1.win32_1.0.200.202406191623/tools/bin/../lib/gcc/arm-none-eabi/12.3.1/thumb/v7e-m+fp/hard\libgcc.a(_arm_cmpdf2.o)
 .debug_frame   0x000029b4       0x24 C:/ST/STM32CubeIDE_1.16.0/STM32CubeIDE/plugins/com.st.stm32cube.ide.mcu.externaltools.gnu-tools-for-stm32.12.3.rel1.win32_1.0.200.202406191623/tools/bin/../lib/gcc/arm-none-eabi/12.3.1/thumb/v7e-m+fp/hard\libgcc.a(_arm_fixdfsi.o)
 .debug_frame   0x000029d8       0x24 C:/ST/STM32CubeIDE_1.16.0/STM32CubeIDE/plugins/com.st.stm32cube.ide.mcu.externaltools.gnu-tools-for-stm32.12.3.rel1.win32_1.0.200.202406191623/tools/bin/../lib/gcc/arm-none-eabi/12.3.1/thumb/v7e-m+fp/hard\libgcc.a(_arm_truncdfsf2.o)
 .debug_frame   0x000029fc       0x2c C:/ST/STM32CubeIDE_1.16.0/STM32CubeIDE/plugins/com.st.stm32cube.ide.mcu.externaltools.gnu-tools-for-stm32.12.3.rel1.win32_1.0.200.202406191623/tools/bin/../lib/gcc/arm-none-eabi/12.3.1/thumb/v7e-m+fp/hard\libgcc.a(_aeabi_uldivmod.o)
 .debug_frame   0x00002a28       0x34 C:/ST/STM32CubeIDE_1.16.0/STM32CubeIDE/plugins/com.st.stm32cube.ide.mcu.externaltools.gnu-tools-for-stm32.12.3.rel1.win32_1.0.200.202406191623/tools/bin/../lib/gcc/arm-none-eabi/12.3.1/thumb/v7e-m+fp/hard\libgcc.a(_udivmoddi4.o)

.debug_line_str
                0x00000000       0x5c
 .debug_line_str
                0x00000000       0x5c ./Core/Startup/startup_stm32f401retx.o
